Component: ARM Compiler 6.16 Tool: armlink [5dfeaa00]

==============================================================================

Section Cross References

    main.o(.text.main) refers to main.o(.rodata.str1.1) for .L.str
    main.o(.text.main) refers to printf.o(.text) for printf
    main.o(.text.main) refers to scanf.o(.text) for scanf
    main.o(.text.main) refers to stdio_streams.o(.bss) for __stdin
    main.o(.text.main) refers to getc.o(.text) for getc
    main.o(.ARM.exidx.text.main) refers to main.o(.text.main) for [Anonymous Symbol]
    startup_tm4c123.o(STACK) refers (Special) to heapauxi.o(.text) for __use_two_region_memory
    startup_tm4c123.o(HEAP) refers (Special) to heapauxi.o(.text) for __use_two_region_memory
    startup_tm4c123.o(RESET) refers (Special) to heapauxi.o(.text) for __use_two_region_memory
    startup_tm4c123.o(RESET) refers to startup_tm4c123.o(STACK) for __initial_sp
    startup_tm4c123.o(RESET) refers to startup_tm4c123.o(.text) for Reset_Handler
    startup_tm4c123.o(.text) refers (Special) to heapauxi.o(.text) for __use_two_region_memory
    startup_tm4c123.o(.text) refers to system_tm4c123.o(.text.SystemInit) for SystemInit
    startup_tm4c123.o(.text) refers to __main.o(!!!main) for __main
    startup_tm4c123.o(.text) refers to startup_tm4c123.o(HEAP) for Heap_Mem
    startup_tm4c123.o(.text) refers to startup_tm4c123.o(STACK) for Stack_Mem
    system_tm4c123.o(.text.SystemCoreClockUpdate) refers to system_tm4c123.o(.text.getOscClk) for getOscClk
    system_tm4c123.o(.text.SystemCoreClockUpdate) refers to system_tm4c123.o(.data.SystemCoreClock) for SystemCoreClock
    system_tm4c123.o(.ARM.exidx.text.SystemCoreClockUpdate) refers to system_tm4c123.o(.text.SystemCoreClockUpdate) for [Anonymous Symbol]
    system_tm4c123.o(.ARM.exidx.text.getOscClk) refers to system_tm4c123.o(.text.getOscClk) for [Anonymous Symbol]
    system_tm4c123.o(.ARM.exidx.text.SystemInit) refers to system_tm4c123.o(.text.SystemInit) for [Anonymous Symbol]
    printf.o(.text) refers (Special) to _printf_a.o(.ARM.Collect$$_printf_percent$$00000006) for _printf_a
    printf.o(.text) refers (Special) to _printf_c.o(.ARM.Collect$$_printf_percent$$00000013) for _printf_c
    printf.o(.text) refers (Special) to _printf_charcount.o(.text) for _printf_charcount
    printf.o(.text) refers (Special) to _printf_d.o(.ARM.Collect$$_printf_percent$$00000009) for _printf_d
    printf.o(.text) refers (Special) to _printf_e.o(.ARM.Collect$$_printf_percent$$00000004) for _printf_e
    printf.o(.text) refers (Special) to _printf_f.o(.ARM.Collect$$_printf_percent$$00000003) for _printf_f
    printf.o(.text) refers (Special) to printf1.o(x$fpl$printf1) for _printf_fp_dec
    printf.o(.text) refers (Special) to printf2.o(x$fpl$printf2) for _printf_fp_hex
    printf.o(.text) refers (Special) to _printf_g.o(.ARM.Collect$$_printf_percent$$00000005) for _printf_g
    printf.o(.text) refers (Special) to _printf_i.o(.ARM.Collect$$_printf_percent$$00000008) for _printf_i
    printf.o(.text) refers (Special) to _printf_dec.o(.text) for _printf_int_dec
    printf.o(.text) refers (Special) to _printf_l.o(.ARM.Collect$$_printf_percent$$00000012) for _printf_l
    printf.o(.text) refers (Special) to _printf_lc.o(.ARM.Collect$$_printf_percent$$00000015) for _printf_lc
    printf.o(.text) refers (Special) to _printf_ll.o(.ARM.Collect$$_printf_percent$$00000007) for _printf_ll
    printf.o(.text) refers (Special) to _printf_lld.o(.ARM.Collect$$_printf_percent$$0000000E) for _printf_lld
    printf.o(.text) refers (Special) to _printf_lli.o(.ARM.Collect$$_printf_percent$$0000000D) for _printf_lli
    printf.o(.text) refers (Special) to _printf_llo.o(.ARM.Collect$$_printf_percent$$00000010) for _printf_llo
    printf.o(.text) refers (Special) to _printf_llu.o(.ARM.Collect$$_printf_percent$$0000000F) for _printf_llu
    printf.o(.text) refers (Special) to _printf_llx.o(.ARM.Collect$$_printf_percent$$00000011) for _printf_llx
    printf.o(.text) refers (Special) to _printf_longlong_dec.o(.text) for _printf_longlong_dec
    printf.o(.text) refers (Special) to _printf_hex_int_ll_ptr.o(.text) for _printf_longlong_hex
    printf.o(.text) refers (Special) to _printf_oct_int_ll.o(.text) for _printf_longlong_oct
    printf.o(.text) refers (Special) to _printf_ls.o(.ARM.Collect$$_printf_percent$$00000016) for _printf_ls
    printf.o(.text) refers (Special) to _printf_n.o(.ARM.Collect$$_printf_percent$$00000001) for _printf_n
    printf.o(.text) refers (Special) to _printf_o.o(.ARM.Collect$$_printf_percent$$0000000B) for _printf_o
    printf.o(.text) refers (Special) to _printf_p.o(.ARM.Collect$$_printf_percent$$00000002) for _printf_p
    printf.o(.text) refers (Special) to _printf_percent.o(.ARM.Collect$$_printf_percent$$00000000) for _printf_percent
    printf.o(.text) refers (Special) to _printf_pad.o(.text) for _printf_post_padding
    printf.o(.text) refers (Special) to _printf_s.o(.ARM.Collect$$_printf_percent$$00000014) for _printf_s
[...]
    x$fpl$retnan                             0x000049aa   Section      100  retnan.o(x$fpl$retnan)
    $v0                                      0x00004a0e   Number         0  scalbn.o(x$fpl$scalbn)
    x$fpl$scalbn                             0x00004a0e   Section       92  scalbn.o(x$fpl$scalbn)
    $v0                                      0x00004a6a   Number         0  scanf1.o(x$fpl$scanf1)
    x$fpl$scanf1                             0x00004a6a   Section        4  scanf1.o(x$fpl$scanf1)
    $v0                                      0x00004a6e   Number         0  scanf2.o(x$fpl$scanf2)
    x$fpl$scanf2                             0x00004a6e   Section        8  scanf2.o(x$fpl$scanf2)
    $v0                                      0x00004a76   Number         0  trapv.o(x$fpl$trapveneer)
    x$fpl$trapveneer                         0x00004a76   Section       48  trapv.o(x$fpl$trapveneer)
    x$fpl$usenofp                            0x00004aa6   Section        0  usenofp.o(x$fpl$usenofp)
    initial_mbstate                          0x00004aa8   Data           8  _printf_wctomb.o(.constdata)
    .constdata                               0x00004aa8   Section        8  _printf_wctomb.o(.constdata)
    uc_hextab                                0x00004ab0   Data          20  _printf_hex_int_ll_ptr.o(.constdata)
    .constdata                               0x00004ab0   Section       40  _printf_hex_int_ll_ptr.o(.constdata)
    lc_hextab                                0x00004ac4   Data          20  _printf_hex_int_ll_ptr.o(.constdata)
    maptable                                 0x00004ad8   Data          17  __printf_flags_ss_wp.o(.constdata)
    .constdata                               0x00004ad8   Section       17  __printf_flags_ss_wp.o(.constdata)
    .constdata                               0x00004ae9   Section        4  sys_io_names.o(.constdata)
    .constdata                               0x00004aed   Section        4  sys_io_names.o(.constdata)
    .constdata                               0x00004af1   Section        4  sys_io_names.o(.constdata)
    lc_hextab                                0x00004af5   Data          19  _printf_fp_hex.o(.constdata)
    .constdata                               0x00004af5   Section       38  _printf_fp_hex.o(.constdata)
    uc_hextab                                0x00004b08   Data          19  _printf_fp_hex.o(.constdata)
    tenpwrs_x                                0x00004b1c   Data          60  bigflt0.o(.constdata)
    .constdata                               0x00004b1c   Section      148  bigflt0.o(.constdata)
    tenpwrs_i                                0x00004b58   Data          64  bigflt0.o(.constdata)
    .L.str.10                                0x00004bb0   Data          24  main.o(.rodata.str1.1)
    [Anonymous Symbol]                       0x00004bb0   Section        0  main.o(.rodata.str1.1)
    .L.str.2                                 0x00004bc8   Data          15  main.o(.rodata.str1.1)
    .L.str.5                                 0x00004bd7   Data          15  main.o(.rodata.str1.1)
    .L.str.6                                 0x00004be6   Data          15  main.o(.rodata.str1.1)
    .L.str.3                                 0x00004bf5   Data          15  main.o(.rodata.str1.1)
    .L.str.4                                 0x00004c04   Data          15  main.o(.rodata.str1.1)
    .L.str.9                                 0x00004c13   Data          15  main.o(.rodata.str1.1)
    .L.str.7                                 0x00004c22   Data          15  main.o(.rodata.str1.1)
    .L.str.8                                 0x00004c31   Data          15  main.o(.rodata.str1.1)
    .L.str                                   0x00004c40   Data          30  main.o(.rodata.str1.1)
    .L.str.1                                 0x00004c5e   Data           3  main.o(.rodata.str1.1)
    c$$dinf                                  0x00004c84   Section        8  fpconst.o(c$$dinf)
    c$$dmax                                  0x00004c8c   Section        8  fpconst.o(c$$dmax)
    locale$$data                             0x00004c94   Section       28  lc_numeric_c.o(locale$$data)
    __lcnum_c_name                           0x00004c98   Data           2  lc_numeric_c.o(locale$$data)
    __lcnum_c_start                          0x00004ca0   Data           0  lc_numeric_c.o(locale$$data)
    __lcnum_c_point                          0x00004cac   Data           0  lc_numeric_c.o(locale$$data)
    __lcnum_c_thousands                      0x00004cae   Data           0  lc_numeric_c.o(locale$$data)
    __lcnum_c_grouping                       0x00004caf   Data           0  lc_numeric_c.o(locale$$data)
    __lcnum_c_end                            0x00004cb0   Data           0  lc_numeric_c.o(locale$$data)
    locale$$data                             0x00004cb0   Section      272  lc_ctype_c.o(locale$$data)
    __lcctype_c_name                         0x00004cb4   Data           2  lc_ctype_c.o(locale$$data)
    __lcctype_c_start                        0x00004cbc   Data           0  lc_ctype_c.o(locale$$data)
    __lcctype_c_end                          0x00004dc0   Data           0  lc_ctype_c.o(locale$$data)
    .data                                    0x20000000   Section        4  stdio_streams.o(.data)
    .data                                    0x20000004   Section        4  stdio_streams.o(.data)
    .data                                    0x20000008   Section        4  stdio_streams.o(.data)
    .bss                                     0x20000010   Section       84  stdio_streams.o(.bss)
    .bss                                     0x20000064   Section       84  stdio_streams.o(.bss)
    .bss                                     0x200000b8   Section       84  stdio_streams.o(.bss)
    .bss                                     0x2000010c   Section       96  libspace.o(.bss)
    Heap_Mem                                 0x20000170   Data           0  startup_tm4c123.o(HEAP)
    Stack_Mem                                0x20000170   Data         512  startup_tm4c123.o(STACK)
    HEAP                                     0x20000170   Section        0  startup_tm4c123.o(HEAP)
    STACK                                    0x20000170   Section      512  startup_tm4c123.o(STACK)
    __initial_sp                             0x20000370   Data           0  startup_tm4c123.o(STACK)

    Global Symbols

    Symbol Name                              Value     Ov Type        Size  Object(Section)

    BuildAttributes$$THM_ISAv4$E$P$D$K$B$S$7EM$VFPi3$EXTD16$VFPS$VFMA$PE$A:L22UL41UL21$X:L11$S22US41US21$IEEE1$IW$~IW$USESV6$~STKCKD$USESV7$~SHL$OTIME$ROPI$IEEEX$EBA8$UX$STANDARDLIB$REQ8$PRES8$EABIv2 0x00000000   Number         0  anon$$obj.o ABSOLUTE
    __Vectors                                0x00000000   Data           4  startup_tm4c123.o(RESET)
    _printf_flags                            0x00000000   Number         0  printf_stubs.o ABSOLUTE
    _printf_return_value                     0x00000000   Number         0  printf_stubs.o ABSOLUTE
    _printf_sizespec                         0x00000000   Number         0  printf_stubs.o ABSOLUTE
    _printf_widthprec                        0x00000000   Number         0  printf_stubs.o ABSOLUTE
    __ARM_exceptions_init                     - Undefined Weak Reference
    __alloca_initialize                       - Undefined Weak Reference
    __arm_preinit_                            - Undefined Weak Reference
    __cpp_initialize__aeabi_                  - Undefined Weak Reference
    __cxa_finalize                            - Undefined Weak Reference
    __sigvec_lookup                           - Undefined Weak Reference
    __user_heap_extent                        - Undefined Weak Reference
    _atexit_init                              - Undefined Weak Reference
    _call_atexit_fns                          - Undefined Weak Reference
    _clock_init                               - Undefined Weak Reference
    _fp_trap_init                             - Undefined Weak Reference
    _fp_trap_shutdown                         - Undefined Weak Reference
    _get_lc_collate                           - Undefined Weak Reference
    _get_lc_monetary                          - Undefined Weak Reference
    _get_lc_time                              - Undefined Weak Reference
    _getenv_init                              - Undefined Weak Reference
    _handle_redirection                       - Undefined Weak Reference
    _mutex_acquire                            - Undefined Weak Reference
    _mutex_free                               - Undefined Weak Reference
    _mutex_release                            - Undefined Weak Reference
    _printf_mbtowc                            - Undefined Weak Reference
    _printf_wc                                - Undefined Weak Reference
    _rand_init                                - Undefined Weak Reference
    _signal_finish                            - Undefined Weak Reference
    _signal_init                              - Undefined Weak Reference
    __Vectors_End                            0x0000026c   Data           0  startup_tm4c123.o(RESET)
    __Vectors_Size                           0x0000026c   Number         0  startup_tm4c123.o ABSOLUTE
    __main                                   0x0000026d   Thumb Code     8  __main.o(!!!main)
    __scatterload                            0x00000275   Thumb Code     0  __scatter.o(!!!scatter)
    __scatterload_rt2                        0x00000275   Thumb Code    44  __scatter.o(!!!scatter)
    __scatterload_rt2_thumb_only             0x00000275   Thumb Code     0  __scatter.o(!!!scatter)
    __scatterload_null                       0x00000283   Thumb Code     0  __scatter.o(!!!scatter)
    __scatterload_copy                       0x000002a9   Thumb Code    26  __scatter_copy.o(!!handler_copy)
    __scatterload_zeroinit                   0x000002c5   Thumb Code    28  __scatter_zi.o(!!handler_zi)
    _printf_n                                0x000002e1   Thumb Code     0  _printf_n.o(.ARM.Collect$$_printf_percent$$00000001)
    _printf_percent                          0x000002e1   Thumb Code     0  _printf_percent.o(.ARM.Collect$$_printf_percent$$00000000)
    _printf_p                                0x000002e7   Thumb Code     0  _printf_p.o(.ARM.Collect$$_printf_percent$$00000002)
    _printf_f                                0x000002ed   Thumb Code     0  _printf_f.o(.ARM.Collect$$_printf_percent$$00000003)
    _printf_e                                0x000002f3   Thumb Code     0  _printf_e.o(.ARM.Collect$$_printf_percent$$00000004)
    _printf_g                                0x000002f9   Thumb Code     0  _printf_g.o(.ARM.Collect$$_printf_percent$$00000005)
    _printf_a                                0x000002ff   Thumb Code     0  _printf_a.o(.ARM.Collect$$_printf_percent$$00000006)
    _printf_ll                               0x00000305   Thumb Code     0  _printf_ll.o(.ARM.Collect$$_printf_percent$$00000007)
    _printf_i                                0x0000030f   Thumb Code     0  _printf_i.o(.ARM.Collect$$_printf_percent$$00000008)
    _printf_d                                0x00000315   Thumb Code     0  _printf_d.o(.ARM.Collect$$_printf_percent$$00000009)
    _printf_u                                0x0000031b   Thumb Code     0  _printf_u.o(.ARM.Collect$$_printf_percent$$0000000A)
    _printf_o                                0x00000321   Thumb Code     0  _printf_o.o(.ARM.Collect$$_printf_percent$$0000000B)
    _printf_x                                0x00000327   Thumb Code     0  _printf_x.o(.ARM.Collect$$_printf_percent$$0000000C)
    _printf_lli                              0x0000032d   Thumb Code     0  _printf_lli.o(.ARM.Collect$$_printf_percent$$0000000D)
    _printf_lld                              0x00000333   Thumb Code     0  _printf_lld.o(.ARM.Collect$$_printf_percent$$0000000E)
    _printf_llu                              0x00000339   Thumb Code     0  _printf_llu.o(.ARM.Collect$$_printf_percent$$0000000F)
    _printf_llo                              0x0000033f   Thumb Code     0  _printf_llo.o(.ARM.Collect$$_printf_percent$$00000010)
    _printf_llx                              0x00000345   Thumb Code     0  _printf_llx.o(.ARM.Collect$$_printf_percent$$00000011)
    _printf_l                                0x0000034b   Thumb Code     0  _printf_l.o(.ARM.Collect$$_printf_percent$$00000012)
    _printf_c                                0x00000355   Thumb Code     0  _printf_c.o(.ARM.Collect$$_printf_percent$$00000013)
    _printf_s                                0x0000035b   Thumb Code     0  _printf_s.o(.ARM.Collect$$_printf_percent$$00000014)
    _printf_lc                               0x00000361   Thumb Code     0  _printf_lc.o(.ARM.Collect$$_printf_percent$$00000015)
    _printf_ls                               0x00000367   Thumb Code     0  _printf_ls.o(.ARM.Collect$$_printf_percent$$00000016)
    _printf_percent_end                      0x0000036d   Thumb Code     0  _printf_percent_end.o(.ARM.Collect$$_printf_percent$$00000017)
    __rt_lib_init                            0x00000371   Thumb Code     0  libinit.o(.ARM.Collect$$libinit$$00000000)
    __rt_lib_init_fp_1                       0x00000373   Thumb Code     0  libinit2.o(.ARM.Collect$$libinit$$00000001)
    __rt_lib_init_heap_2                     0x00000377   Thumb Code     0  libinit2.o(.ARM.Collect$$libinit$$00000005)
    __rt_lib_init_preinit_1                  0x00000377   Thumb Code     0  libinit2.o(.ARM.Collect$$libinit$$00000004)
    __rt_lib_init_heap_1                     0x0000037f   Thumb Code     0  libinit2.o(.ARM.Collect$$libinit$$0000000A)
    __rt_lib_init_lc_common                  0x0000037f   Thumb Code     0  libinit2.o(.ARM.Collect$$libinit$$0000000F)
    __rt_lib_init_rand_1                     0x0000037f   Thumb Code     0  libinit2.o(.ARM.Collect$$libinit$$0000000E)
    __rt_lib_init_user_alloc_1               0x0000037f   Thumb Code     0  libinit2.o(.ARM.Collect$$libinit$$0000000C)
    __rt_lib_init_lc_collate_1               0x00000385   Thumb Code     0  libinit2.o(.ARM.Collect$$libinit$$00000011)
    __rt_lib_init_lc_ctype_2                 0x00000385   Thumb Code     0  libinit2.o(.ARM.Collect$$libinit$$00000012)
    __rt_lib_init_lc_ctype_1                 0x00000391   Thumb Code     0  libinit2.o(.ARM.Collect$$libinit$$00000013)
    __rt_lib_init_lc_monetary_1              0x00000391   Thumb Code     0  libinit2.o(.ARM.Collect$$libinit$$00000015)
    __rt_lib_init_lc_numeric_2               0x00000391   Thumb Code     0  libinit2.o(.ARM.Collect$$libinit$$00000016)
    __rt_lib_init_atexit_1                   0x0000039b   Thumb Code     0  libinit2.o(.ARM.Collect$$libinit$$0000001B)
    __rt_lib_init_clock_1                    0x0000039b   Thumb Code     0  libinit2.o(.ARM.Collect$$libinit$$00000021)
    __rt_lib_init_fp_trap_1                  0x0000039b   Thumb Code     0  libinit2.o(.ARM.Collect$$libinit$$0000001F)
    __rt_lib_init_getenv_1                   0x0000039b   Thumb Code     0  libinit2.o(.ARM.Collect$$libinit$$00000023)
    __rt_lib_init_lc_numeric_1               0x0000039b   Thumb Code     0  libinit2.o(.ARM.Collect$$libinit$$00000017)
    __rt_lib_init_lc_time_1                  0x0000039b   Thumb Code     0  libinit2.o(.ARM.Collect$$libinit$$00000019)
    __rt_lib_init_signal_1                   0x0000039b   Thumb Code     0  libinit2.o(.ARM.Collect$$libinit$$0000001D)
    __rt_lib_init_stdio_2                    0x0000039b   Thumb Code     0  libinit2.o(.ARM.Collect$$libinit$$00000024)
    __rt_lib_init_alloca_1                   0x0000039f   Thumb Code     0  libinit2.o(.ARM.Collect$$libinit$$0000002E)
    __rt_lib_init_argv_1                     0x0000039f   Thumb Code     0  libinit2.o(.ARM.Collect$$libinit$$0000002C)
    __rt_lib_init_cpp_1                      0x0000039f   Thumb Code     0  libinit2.o(.ARM.Collect$$libinit$$00000032)
    __rt_lib_init_exceptions_1               0x0000039f   Thumb Code     0  libinit2.o(.ARM.Collect$$libinit$$00000030)
    __rt_lib_init_return                     0x0000039f   Thumb Code     0  libinit2.o(.ARM.Collect$$libinit$$00000033)
    __rt_lib_init_stdio_1                    0x0000039f   Thumb Code     0  libinit2.o(.ARM.Collect$$libinit$$00000025)
    __rt_lib_shutdown                        0x000003a1   Thumb Code     0  libshutdown.o(.ARM.Collect$$libshutdown$$00000000)
    __rt_lib_shutdown_cpp_1                  0x000003a3   Thumb Code     0  libshutdown2.o(.ARM.Collect$$libshutdown$$00000002)
    __rt_lib_shutdown_stdio_2                0x000003a3   Thumb Code     0  libshutdown2.o(.ARM.Collect$$libshutdown$$00000003)
    __rt_lib_shutdown_fp_trap_1              0x000003a7   Thumb Code     0  libshutdown2.o(.ARM.Collect$$libshutdown$$00000007)
    __rt_lib_shutdown_heap_1                 0x000003a7   Thumb Code     0  libshutdown2.o(.ARM.Collect$$libshutdown$$0000000F)
    __rt_lib_shutdown_return                 0x000003a7   Thumb Code     0  libshutdown2.o(.ARM.Collect$$libshutdown$$00000010)
    __rt_lib_shutdown_signal_1               0x000003a7   Thumb Code     0  libshutdown2.o(.ARM.Collect$$libshutdown$$0000000A)
    __rt_lib_shutdown_stdio_1                0x000003a7   Thumb Code     0  libshutdown2.o(.ARM.Collect$$libshutdown$$00000004)
    __rt_lib_shutdown_user_alloc_1           0x000003a7   Thumb Code     0  libshutdown2.o(.ARM.Collect$$libshutdown$$0000000C)
    __rt_entry                               0x000003a9   Thumb Code     0  __rtentry.o(.ARM.Collect$$rtentry$$00000000)
    __rt_entry_presh_1                       0x000003a9   Thumb Code     0  __rtentry2.o(.ARM.Collect$$rtentry$$00000002)
    __rt_entry_sh                            0x000003a9   Thumb Code     0  __rtentry4.o(.ARM.Collect$$rtentry$$00000004)
    __rt_entry_li                            0x000003af   Thumb Code     0  __rtentry2.o(.ARM.Collect$$rtentry$$0000000A)
    __rt_entry_postsh_1                      0x000003af   Thumb Code     0  __rtentry2.o(.ARM.Collect$$rtentry$$00000009)
    __rt_entry_main                          0x000003b3   Thumb Code     0  __rtentry2.o(.ARM.Collect$$rtentry$$0000000D)
    __rt_entry_postli_1                      0x000003b3   Thumb Code     0  __rtentry2.o(.ARM.Collect$$rtentry$$0000000C)
    __rt_exit                                0x000003bb   Thumb Code     0  rtexit.o(.ARM.Collect$$rtexit$$00000000)
    __rt_exit_ls                             0x000003bd   Thumb Code     0  rtexit2.o(.ARM.Collect$$rtexit$$00000003)
    __rt_exit_prels_1                        0x000003bd   Thumb Code     0  rtexit2.o(.ARM.Collect$$rtexit$$00000002)
    __rt_exit_exit                           0x000003c1   Thumb Code     0  rtexit2.o(.ARM.Collect$$rtexit$$00000004)
    Reset_Handler                            0x000003c9   Thumb Code     8  startup_tm4c123.o(.text)
    NMI_Handler                              0x000003d1   Thumb Code     2  startup_tm4c123.o(.text)
    HardFault_Handler                        0x000003d3   Thumb Code     2  startup_tm4c123.o(.text)
    MemManage_Handler                        0x000003d5   Thumb Code     2  startup_tm4c123.o(.text)
    BusFault_Handler                         0x000003d7   Thumb Code     2  startup_tm4c123.o(.text)
    UsageFault_Handler                       0x000003d9   Thumb Code     2  startup_tm4c123.o(.text)
    SVC_Handler                              0x000003db   Thumb Code     2  startup_tm4c123.o(.text)
    DebugMon_Handler                         0x000003dd   Thumb Code     2  startup_tm4c123.o(.text)
    PendSV_Handler                           0x000003df   Thumb Code     2  startup_tm4c123.o(.text)
    SysTick_Handler                          0x000003e1   Thumb Code     2  startup_tm4c123.o(.text)
    GPIOA_Handler                            0x000003e3   Thumb Code     2  startup_tm4c123.o(.text)
    GPIOB_Handler                            0x000003e5   Thumb Code     2  startup_tm4c123.o(.text)
    GPIOC_Handler                            0x000003e7   Thumb Code     2  startup_tm4c123.o(.text)
    GPIOD_Handler                            0x000003e9   Thumb Code     2  startup_tm4c123.o(.text)
    GPIOE_Handler                            0x000003eb   Thumb Code     2  startup_tm4c123.o(.text)
    UART0_Handler                            0x000003ed   Thumb Code     2  startup_tm4c123.o(.text)
    UART1_Handler                            0x000003ef   Thumb Code     2  startup_tm4c123.o(.text)
    SSI0_Handler                             0x000003f1   Thumb Code     2  startup_tm4c123.o(.text)
    I2C0_Handler                             0x000003f3   Thumb Code     2  startup_tm4c123.o(.text)
    PMW0_FAULT_Handler                       0x000003f5   Thumb Code     2  startup_tm4c123.o(.text)
    PWM0_0_Handler                           0x000003f7   Thumb Code     2  startup_tm4c123.o(.text)
    PWM0_1_Handler                           0x000003f9   Thumb Code     2  startup_tm4c123.o(.text)
    PWM0_2_Handler                           0x000003fb   Thumb Code     2  startup_tm4c123.o(.text)
    QEI0_Handler                             0x000003fd   Thumb Code     2  startup_tm4c123.o(.text)
    ADC0SS0_Handler                          0x000003ff   Thumb Code     2  startup_tm4c123.o(.text)
    ADC0SS1_Handler                          0x00000401   Thumb Code     2  startup_tm4c123.o(.text)
    ADC0SS2_Handler                          0x00000403   Thumb Code     2  startup_tm4c123.o(.text)
    ADC0SS3_Handler                          0x00000405   Thumb Code     2  startup_tm4c123.o(.text)
    WDT0_Handler                             0x00000407   Thumb Code     2  startup_tm4c123.o(.text)
    TIMER0A_Handler                          0x00000409   Thumb Code     2  startup_tm4c123.o(.text)
    TIMER0B_Handler                          0x0000040b   Thumb Code     2  startup_tm4c123.o(.text)
    TIMER1A_Handler                          0x0000040d   Thumb Code     2  startup_tm4c123.o(.text)
    TIMER1B_Handler                          0x0000040f   Thumb Code     2  startup_tm4c123.o(.text)
    TIMER2A_Handler                          0x00000411   Thumb Code     2  startup_tm4c123.o(.text)
    TIMER2B_Handler                          0x00000413   Thumb Code     2  startup_tm4c123.o(.text)
    COMP0_Handler                            0x00000415   Thumb Code     2  startup_tm4c123.o(.text)
    COMP1_Handler                            0x00000417   Thumb Code     2  startup_tm4c123.o(.text)
    COMP2_Handler                            0x00000419   Thumb Code     2  startup_tm4c123.o(.text)
    SYSCTL_Handler                           0x0000041b   Thumb Code     2  startup_tm4c123.o(.text)
    FLASH_Handler                            0x0000041d   Thumb Code     2  startup_tm4c123.o(.text)
    GPIOF_Handler                            0x0000041f   Thumb Code     2  startup_tm4c123.o(.text)
    GPIOG_Handler                            0x00000421   Thumb Code     2  startup_tm4c123.o(.text)
    GPIOH_Handler                            0x00000423   Thumb Code     2  startup_tm4c123.o(.text)
    UART2_Handler                            0x00000425   Thumb Code     2  startup_tm4c123.o(.text)
    SSI1_Handler                             0x00000427   Thumb Code     2  startup_tm4c123.o(.text)
    TIMER3A_Handler                          0x00000429   Thumb Code     2  startup_tm4c123.o(.text)
    TIMER3B_Handler                          0x0000042b   Thumb Code     2  startup_tm4c123.o(.text)
    I2C1_Handler                             0x0000042d   Thumb Code     2  startup_tm4c123.o(.text)
    QEI1_Handler                             0x0000042f   Thumb Code     2  startup_tm4c123.o(.text)
    CAN0_Handler                             0x00000431   Thumb Code     2  startup_tm4c123.o(.text)
    CAN1_Handler                             0x00000433   Thumb Code     2  startup_tm4c123.o(.text)
    CAN2_Handler                             0x00000435   Thumb Code     2  startup_tm4c123.o(.text)
    HIB_Handler                              0x00000437   Thumb Code     2  startup_tm4c123.o(.text)
    USB0_Handler                             0x00000439   Thumb Code     2  startup_tm4c123.o(.text)
    PWM0_3_Handler                           0x0000043b   Thumb Code     2  startup_tm4c123.o(.text)
    UDMA_Handler                             0x0000043d   Thumb Code     2  startup_tm4c123.o(.text)
    UDMAERR_Handler                          0x0000043f   Thumb Code     2  startup_tm4c123.o(.text)
    ADC1SS0_Handler                          0x00000441   Thumb Code     2  startup_tm4c123.o(.text)
    ADC1SS1_Handler                          0x00000443   Thumb Code     2  startup_tm4c123.o(.text)
    ADC1SS2_Handler                          0x00000445   Thumb Code     2  startup_tm4c123.o(.text)
    ADC1SS3_Handler                          0x00000447   Thumb Code     2  startup_tm4c123.o(.text)
    GPIOJ_Handler                            0x00000449   Thumb Code     2  startup_tm4c123.o(.text)
    GPIOK_Handler                            0x0000044b   Thumb Code     2  startup_tm4c123.o(.text)
    GPIOL_Handler                            0x0000044d   Thumb Code     2  startup_tm4c123.o(.text)
    SSI2_Handler                             0x0000044f   Thumb Code     2  startup_tm4c123.o(.text)
    SSI3_Handler                             0x00000451   Thumb Code     2  startup_tm4c123.o(.text)
    UART3_Handler                            0x00000453   Thumb Code     2  startup_tm4c123.o(.text)
    UART4_Handler                            0x00000455   Thumb Code     2  startup_tm4c123.o(.text)
    UART5_Handler                            0x00000457   Thumb Code     2  startup_tm4c123.o(.text)
    UART6_Handler                            0x00000459   Thumb Code     2  startup_tm4c123.o(.text)
    UART7_Handler                            0x0000045b   Thumb Code     2  startup_tm4c123.o(.text)
    I2C2_Handler                             0x0000045d   Thumb Code     2  startup_tm4c123.o(.text)
    I2C3_Handler                             0x0000045f   Thumb Code     2  startup_tm4c123.o(.text)
    TIMER4A_Handler                          0x00000461   Thumb Code     2  startup_tm4c123.o(.text)
    TIMER4B_Handler                          0x00000463   Thumb Code     2  startup_tm4c123.o(.text)
    TIMER5A_Handler                          0x00000465   Thumb Code     2  startup_tm4c123.o(.text)
    TIMER5B_Handler                          0x00000467   Thumb Code     2  startup_tm4c123.o(.text)
    WTIMER0A_Handler                         0x00000469   Thumb Code     2  startup_tm4c123.o(.text)
    WTIMER0B_Handler                         0x0000046b   Thumb Code     2  startup_tm4c123.o(.text)
    WTIMER1A_Handler                         0x0000046d   Thumb Code     2  startup_tm4c123.o(.text)
    WTIMER1B_Handler                         0x0000046f   Thumb Code     2  startup_tm4c123.o(.text)
    WTIMER2A_Handler                         0x00000471   Thumb Code     2  startup_tm4c123.o(.text)
    WTIMER2B_Handler                         0x00000473   Thumb Code     2  startup_tm4c123.o(.text)
    WTIMER3A_Handler                         0x00000475   Thumb Code     2  startup_tm4c123.o(.text)
    WTIMER3B_Handler                         0x00000477   Thumb Code     2  startup_tm4c123.o(.text)
    WTIMER4A_Handler                         0x00000479   Thumb Code     2  startup_tm4c123.o(.text)
    WTIMER4B_Handler                         0x0000047b   Thumb Code     2  startup_tm4c123.o(.text)
    WTIMER5A_Handler                         0x0000047d   Thumb Code     2  startup_tm4c123.o(.text)
    WTIMER5B_Handler                         0x0000047f   Thumb Code     2  startup_tm4c123.o(.text)
    FPU_Handler                              0x00000481   Thumb Code     2  startup_tm4c123.o(.text)
    I2C4_Handler                             0x00000483   Thumb Code     2  startup_tm4c123.o(.text)
    I2C5_Handler                             0x00000485   Thumb Code     2  startup_tm4c123.o(.text)
    GPIOM_Handler                            0x00000487   Thumb Code     2  startup_tm4c123.o(.text)
    GPION_Handler                            0x00000489   Thumb Code     2  startup_tm4c123.o(.text)
    QEI2_Handler                             0x0000048b   Thumb Code     2  startup_tm4c123.o(.text)
    GPIOP0_Handler                           0x0000048d   Thumb Code     2  startup_tm4c123.o(.text)
    GPIOP1_Handler                           0x0000048f   Thumb Code     2  startup_tm4c123.o(.text)
    GPIOP2_Handler                           0x00000491   Thumb Code     2  startup_tm4c123.o(.text)
    GPIOP3_Handler                           0x00000493   Thumb Code     2  startup_tm4c123.o(.text)
    GPIOP4_Handler                           0x00000495   Thumb Code     2  startup_tm4c123.o(.text)
    GPIOP5_Handler                           0x00000497   Thumb Code     2  startup_tm4c123.o(.text)
    GPIOP6_Handler                           0x00000499   Thumb Code     2  startup_tm4c123.o(.text)
    GPIOP7_Handler                           0x0000049b   Thumb Code     2  startup_tm4c123.o(.text)
    GPIOQ0_Handler                           0x0000049d   Thumb Code     2  startup_tm4c123.o(.text)
    GPIOQ1_Handler                           0x0000049f   Thumb Code     2  startup_tm4c123.o(.text)
    GPIOQ2_Handler                           0x000004a1   Thumb Code     2  startup_tm4c123.o(.text)
    GPIOQ3_Handler                           0x000004a3   Thumb Code     2  startup_tm4c123.o(.text)
    GPIOQ4_Handler                           0x000004a5   Thumb Code     2  startup_tm4c123.o(.text)
    GPIOQ5_Handler                           0x000004a7   Thumb Code     2  startup_tm4c123.o(.text)
    GPIOQ6_Handler                           0x000004a9   Thumb Code     2  startup_tm4c123.o(.text)
    GPIOQ7_Handler                           0x000004ab   Thumb Code     2  startup_tm4c123.o(.text)
    GPIOR_Handler                            0x000004ad   Thumb Code     2  startup_tm4c123.o(.text)
    GPIOS_Handler                            0x000004af   Thumb Code     2  startup_tm4c123.o(.text)
    PMW1_0_Handler                           0x000004b1   Thumb Code     2  startup_tm4c123.o(.text)
    PWM1_1_Handler                           0x000004b3   Thumb Code     2  startup_tm4c123.o(.text)
    PWM1_2_Handler                           0x000004b5   Thumb Code     2  startup_tm4c123.o(.text)
    PWM1_3_Handler                           0x000004b7   Thumb Code     2  startup_tm4c123.o(.text)
    PWM1_FAULT_Handler                       0x000004b9   Thumb Code     2  startup_tm4c123.o(.text)
    __user_initial_stackheap                 0x000004bd   Thumb Code     0  startup_tm4c123.o(.text)
    printf                                   0x000004dd   Thumb Code    20  printf.o(.text)
    scanf                                    0x000004f5   Thumb Code    26  scanf.o(.text)
    getc                                     0x00000515   Thumb Code     4  getc.o(.text)
    __use_two_region_memory                  0x00000519   Thumb Code     2  heapauxi.o(.text)
    __rt_heap_escrow                         0x0000051b   Thumb Code     2  heapauxi.o(.text)
    __rt_heap_expand                         0x0000051d   Thumb Code     2  heapauxi.o(.text)
    _printf_pre_padding                      0x0000051f   Thumb Code    44  _printf_pad.o(.text)
    _printf_post_padding                     0x0000054b   Thumb Code    34  _printf_pad.o(.text)
    _printf_truncate_signed                  0x0000056d   Thumb Code    18  _printf_truncate.o(.text)
    _printf_truncate_unsigned                0x0000057f   Thumb Code    18  _printf_truncate.o(.text)
    _printf_str                              0x00000591   Thumb Code    82  _printf_str.o(.text)
    _printf_int_dec                          0x000005e5   Thumb Code   104  _printf_dec.o(.text)
    _printf_charcount                        0x0000065d   Thumb Code    40  _printf_charcount.o(.text)
    _printf_char_file                        0x00000685   Thumb Code    32  _printf_char_file.o(.text)
    _printf_wctomb                           0x000006a9   Thumb Code   182  _printf_wctomb.o(.text)
    _printf_longlong_dec                     0x00000765   Thumb Code   108  _printf_longlong_dec.o(.text)
    _printf_longlong_oct                     0x000007e1   Thumb Code    68  _printf_oct_int_ll.o(.text)
    _printf_int_oct                          0x00000825   Thumb Code    24  _printf_oct_int_ll.o(.text)
    _printf_ll_oct                           0x0000083d   Thumb Code    12  _printf_oct_int_ll.o(.text)
    _printf_longlong_hex                     0x00000851   Thumb Code    86  _printf_hex_int_ll_ptr.o(.text)
    _printf_int_hex                          0x000008a7   Thumb Code    28  _printf_hex_int_ll_ptr.o(.text)
    _printf_ll_hex                           0x000008c3   Thumb Code    12  _printf_hex_int_ll_ptr.o(.text)
    _printf_hex_ptr                          0x000008cf   Thumb Code    18  _printf_hex_int_ll_ptr.o(.text)
    __printf                                 0x000008e5   Thumb Code   388  __printf_flags_ss_wp.o(.text)
    _scanf_longlong                          0x00000a6d   Thumb Code   342  _scanf_longlong.o(.text)
    _scanf_int                               0x00000bc3   Thumb Code   332  _scanf_int.o(.text)
    _scanf_string                            0x00000d0f   Thumb Code   224  _scanf_str.o(.text)
    __vfscanf_char_file                      0x00000df1   Thumb Code    16  scanf_char_file.o(.text)
    _scanf_mbtowc                            0x00000e09   Thumb Code   276  _scanf_mbtowc.o(.text)
    _scanf_wctomb                            0x00000f1d   Thumb Code   232  _scanf_wctomb.o(.text)
    _scanf_wstring                           0x00001005   Thumb Code   208  _scanf_wstr.o(.text)
    _initio                                  0x000010d5   Thumb Code   210  initio.o(.text)
    _terminateio                             0x000011a7   Thumb Code    56  initio.o(.text)
    free                                     0x0000120d   Thumb Code    78  h1_free.o(.text)
    _ll_udiv10                               0x0000125b   Thumb Code   138  lludiv10.o(.text)
    _printf_int_common                       0x000012e5   Thumb Code   178  _printf_intcommon.o(.text)
    _printf_fp_dec_real                      0x00001547   Thumb Code   620  _printf_fp_dec.o(.text)
    _printf_fp_hex_real                      0x000017b5   Thumb Code   756  _printf_fp_hex.o(.text)
    _printf_char_common                      0x00001abb   Thumb Code    32  _printf_char_common.o(.text)
    _printf_cs_common                        0x00001ae1   Thumb Code    20  _printf_char.o(.text)
    _printf_char                             0x00001af5   Thumb Code    16  _printf_char.o(.text)
    _printf_string                           0x00001b05   Thumb Code     8  _printf_char.o(.text)
    _printf_lcs_common                       0x00001b0d   Thumb Code    20  _printf_wchar.o(.text)
    _printf_wchar                            0x00001b21   Thumb Code    16  _printf_wchar.o(.text)
    _printf_wstring                          0x00001b31   Thumb Code     8  _printf_wchar.o(.text)
    _chval                                   0x00001b39   Thumb Code    28  _chval.o(.text)
    _scanf_really_real                       0x00001da1   Thumb Code   684  scanf_fp.o(.text)
    __vfscanf_char                           0x00002059   Thumb Code    24  scanf_char.o(.text)
    _scanf_wcharmap                          0x00002079   Thumb Code    30  _scanf_wcharmap.o(.text)
    ___backspace$unlocked                    0x00002097   Thumb Code     2  backspace.o(.text)
    __backspace                              0x00002099   Thumb Code    70  backspace.o(.text)
    ferror                                   0x000020df   Thumb Code     8  ferror.o(.text)
    _readbuf                                 0x000020e7   Thumb Code    54  filbuf.o(.text)
    _seteof                                  0x0000211d   Thumb Code    40  filbuf.o(.text)
    __filbuf                                 0x00002145   Thumb Code   476  filbuf.o(.text)
    __filbuf_byte                            0x00002145   Thumb Code     0  filbuf.o(.text)
    __filbuf_wide                            0x00002145   Thumb Code     0  filbuf.o(.text)
    setvbuf                                  0x00002321   Thumb Code    70  setvbuf.o(.text)
    freopen                                  0x00002369   Thumb Code   160  fopen.o(.text)
    fopen                                    0x00002409   Thumb Code    74  fopen.o(.text)
    _fclose_internal                         0x00002459   Thumb Code    76  fclose.o(.text)
    fclose                                   0x00002459   Thumb Code     0  fclose.o(.text)
    _mbrtoc16                                0x000024a5   Thumb Code    64  _mbrtoc16.o(.text)
    _mbrtowc                                 0x000024a5   Thumb Code     0  _mbrtoc16.o(.text)
    _c16rtomb                                0x000024e5   Thumb Code    72  _c16rtomb.o(.text)
    _wcrtomb                                 0x000024e5   Thumb Code     0  _c16rtomb.o(.text)
    __rt_SIGRTRED                            0x0000252d   Thumb Code    14  defsig_rtred_outer.o(.text)
    __aeabi_memclr4                          0x0000253b   Thumb Code     0  rt_memclr_w.o(.text)
    __aeabi_memclr8                          0x0000253b   Thumb Code     0  rt_memclr_w.o(.text)
    __rt_memclr_w                            0x0000253b   Thumb Code     0  rt_memclr_w.o(.text)
    _memset_w                                0x0000253f   Thumb Code    74  rt_memclr_w.o(.text)
    _sys_open                                0x00002589   Thumb Code    20  sys_io.o(.text)
    _sys_close                               0x0000259d   Thumb Code    12  sys_io.o(.text)
    _sys_write                               0x000025a9   Thumb Code    16  sys_io.o(.text)
    _sys_read                                0x000025b9   Thumb Code    14  sys_io.o(.text)
    _sys_istty                               0x000025c7   Thumb Code    12  sys_io.o(.text)
    _sys_seek                                0x000025d3   Thumb Code    14  sys_io.o(.text)
    _sys_ensure                              0x000025e1   Thumb Code     2  sys_io.o(.text)
    _sys_flen                                0x000025e3   Thumb Code    12  sys_io.o(.text)
    __user_setup_stackheap                   0x000025ef   Thumb Code    74  sys_stackheap_outer.o(.text)
    __rt_ctype_table                         0x00002639   Thumb Code    16  rt_ctype_table.o(.text)
    __rt_heap_descriptor                     0x00002649   Thumb Code     8  rt_heap_descriptor_intlibspace.o(.text)
    __rt_locale                              0x00002651   Thumb Code     8  rt_locale_intlibspace.o(.text)
    __aeabi_errno_addr                       0x00002659   Thumb Code     8  rt_errno_addr_intlibspace.o(.text)
    __errno$intlibspace                      0x00002659   Thumb Code     0  rt_errno_addr_intlibspace.o(.text)
    __rt_errno_addr$intlibspace              0x00002659   Thumb Code     0  rt_errno_addr_intlibspace.o(.text)
    __use_no_heap                            0x00002661   Thumb Code     2  hguard.o(.text)
    __heap$guard                             0x00002663   Thumb Code     2  hguard.o(.text)
    _terminate_user_alloc                    0x00002665   Thumb Code     2  init_alloc.o(.text)
    _init_user_alloc                         0x00002667   Thumb Code     2  init_alloc.o(.text)
    __Heap_Full                              0x00002669   Thumb Code    34  init_alloc.o(.text)
    __Heap_Broken                            0x0000268b   Thumb Code     6  init_alloc.o(.text)
    _init_alloc                              0x00002691   Thumb Code    94  init_alloc.o(.text)
    malloc                                   0x000026ef   Thumb Code    94  h1_alloc.o(.text)
    __aeabi_llsl                             0x0000274d   Thumb Code     0  llshl.o(.text)
    _ll_shift_l                              0x0000274d   Thumb Code    38  llshl.o(.text)
    isspace                                  0x00002773   Thumb Code    18  isspace.o(.text)
    _printf_fp_infnan                        0x00002785   Thumb Code   112  _printf_fp_infnan.o(.text)
    __vfscanf                                0x00002805   Thumb Code   878  _scanf.o(.text)
    _btod_etento                             0x00002b79   Thumb Code   224  bigflt0.o(.text)
    __flsbuf                                 0x00002c5d   Thumb Code   470  flsbuf.o(.text)
    __flsbuf_byte                            0x00002c5d   Thumb Code     0  flsbuf.o(.text)
    __flsbuf_wide                            0x00002c5d   Thumb Code     0  flsbuf.o(.text)
    _fseek                                   0x00002e35   Thumb Code   242  fseek.o(.text)
    fseek                                    0x00002e35   Thumb Code     0  fseek.o(.text)
    _seterr                                  0x00002f2d   Thumb Code    20  stdio.o(.text)
    _writebuf                                0x00002f41   Thumb Code    84  stdio.o(.text)
    _fflush                                  0x00002f95   Thumb Code    70  stdio.o(.text)
    _deferredlazyseek                        0x00002fdb   Thumb Code    60  stdio.o(.text)
    _ungetc_internal                         0x0000301d   Thumb Code    60  ungetc.o(.text)
    ungetc                                   0x0000301d   Thumb Code     0  ungetc.o(.text)
    _flushlinebuffered                       0x00003065   Thumb Code    50  flushlinebuffered.o(.text)
    exit                                     0x0000309d   Thumb Code    18  exit.o(.text)
    __sig_exit                               0x000030af   Thumb Code    10  defsig_exit.o(.text)
    __rt_SIGRTRED_inner                      0x000030b9   Thumb Code    14  defsig_rtred_inner.o(.text)
    strlen                                   0x000030ed   Thumb Code    62  strlen.o(.text)
    _sys_exit                                0x0000312d   Thumb Code     8  sys_exit.o(.text)
    __user_libspace                          0x00003139   Thumb Code     8  libspace.o(.text)
    __user_perproc_libspace                  0x00003139   Thumb Code     0  libspace.o(.text)
    __user_perthread_libspace                0x00003139   Thumb Code     0  libspace.o(.text)
    __I$use$semihosting                      0x00003141   Thumb Code     0  use_no_semi.o(.text)
    __use_no_semihosting_swi                 0x00003141   Thumb Code     2  use_no_semi.o(.text)
    __Heap_Initialize                        0x00003143   Thumb Code    10  h1_init.o(.text)
    __semihosting_library_function           0x00003143   Thumb Code     0  indicate_semi.o(.text)
    _maybe_terminate_alloc                   0x00003143   Thumb Code     0  maybetermalloc1.o(.text)
    __Heap_DescSize                          0x0000314d   Thumb Code     4  h1_init.o(.text)
    __Heap_ProvideMemory                     0x00003151   Thumb Code    52  h1_extend.o(.text)
    __read_errno                             0x00003185   Thumb Code    10  _rserrno.o(.text)
    __set_errno                              0x0000318f   Thumb Code    12  _rserrno.o(.text)
    _scanf_really_hex_real                   0x0000319d   Thumb Code   786  scanf_hexfp.o(.text)
    _scanf_really_infnan                     0x000034bd   Thumb Code   292  scanf_infnan.o(.text)
    _do_fflush                               0x000035f1   Thumb Code    54  fflush.o(.text)
    fflush                                   0x00003627   Thumb Code    42  fflush.o(.text)
    _ftell_internal                          0x00003655   Thumb Code    66  ftell.o(.text)
    ftell                                    0x00003655   Thumb Code     0  ftell.o(.text)
    __default_signal_display                 0x00003697   Thumb Code    50  defsig_general.o(.text)
    __rt_SIGRTMEM                            0x000036c9   Thumb Code    14  defsig_rtmem_outer.o(.text)
    strcmp                                   0x000036d9   Thumb Code   124  strcmpv7em.o(.text)
    _ttywrch                                 0x00003755   Thumb Code    14  sys_wrch.o(.text)
    __rt_SIGRTMEM_inner                      0x00003765   Thumb Code    22  defsig_rtmem_inner.o(.text)
    SystemInit                               0x000037b5   Thumb Code   268  system_tm4c123.o(.text.SystemInit)
    main                                     0x000038c1   Thumb Code   230  main.o(.text.main)
    _btod_d2e                                0x000039a7   Thumb Code    62  btod.o(CL$$btod_d2e)
    _d2e_denorm_low                          0x000039e5   Thumb Code    70  btod.o(CL$$btod_d2e_denorm_low)
    _d2e_norm_op1                            0x00003a2b   Thumb Code    96  btod.o(CL$$btod_d2e_norm_op1)
    __btod_div_common                        0x00003a8d   Thumb Code   696  btod.o(CL$$btod_div_common)
    _e2d                                     0x00003dc5   Thumb Code   122  btod.o(CL$$btod_e2d)
    _e2e                                     0x00003e49   Thumb Code   220  btod.o(CL$$btod_e2e)
    _btod_ediv                               0x00003f25   Thumb Code    42  btod.o(CL$$btod_ediv)
    _btod_edivd                              0x00003f4f   Thumb Code    42  btod.o(CL$$btod_edivd)
    _btod_emul                               0x00003f79   Thumb Code    42  btod.o(CL$$btod_emul)
    _btod_emuld                              0x00003fa3   Thumb Code    42  btod.o(CL$$btod_emuld)
    __btod_mult_common                       0x00003fcd   Thumb Code   580  btod.o(CL$$btod_mult_common)
    __ARM_fpclassify                         0x00004211   Thumb Code    48  fpclassify.o(i.__ARM_fpclassify)
    __hardfp___mathlib_tofloat               0x00004241   Thumb Code   232  narrow.o(i.__hardfp___mathlib_tofloat)
    __hardfp_ldexp                           0x00004339   Thumb Code   200  ldexp.o(i.__hardfp_ldexp)
    __mathlib_dbl_overflow                   0x00004409   Thumb Code    24  dunder.o(i.__mathlib_dbl_overflow)
    __mathlib_dbl_underflow                  0x00004429   Thumb Code    24  dunder.o(i.__mathlib_dbl_underflow)
    __mathlib_narrow                         0x00004449   Thumb Code    18  narrow.o(i.__mathlib_narrow)
    __support_ldexp                          0x0000445b   Thumb Code    20  ldexp.o(i.__support_ldexp)
    _is_digit                                0x0000446f   Thumb Code    14  __printf_wp.o(i._is_digit)
    fgetc                                    0x0000447d   Thumb Code    24  fgetc.o(i.fgetc)
    fputc                                    0x00004495   Thumb Code    26  fputc.o(i.fputc)
    frexp                                    0x000044b1   Thumb Code   118  frexp.o(i.frexp)
    _get_lc_numeric                          0x0000453d   Thumb Code    44  lc_numeric_c.o(locale$$code)
    _get_lc_ctype                            0x00004569   Thumb Code    44  lc_ctype_c.o(locale$$code)
    __aeabi_d2f                              0x00004595   Thumb Code     0  d2f.o(x$fpl$d2f)
    _d2f                                     0x00004595   Thumb Code    98  d2f.o(x$fpl$d2f)
    __fpl_dcheck_NaN1                        0x000045f9   Thumb Code    10  dcheck1.o(x$fpl$dcheck1)
    __fpl_dcmp_Inf                           0x00004609   Thumb Code    24  dcmpi.o(x$fpl$dcmpinf)
    __aeabi_cdcmpeq                          0x00004621   Thumb Code     0  deqf.o(x$fpl$deqf)
    _dcmpeq                                  0x00004621   Thumb Code   120  deqf.o(x$fpl$deqf)
    __aeabi_cdcmple                          0x00004699   Thumb Code     0  dleqf.o(x$fpl$dleqf)
    _dcmple                                  0x00004699   Thumb Code   120  dleqf.o(x$fpl$dleqf)
    __fpl_dcmple_InfNaN                      0x000046fb   Thumb Code     0  dleqf.o(x$fpl$dleqf)
    __aeabi_dmul                             0x00004711   Thumb Code     0  dmul.o(x$fpl$dmul)
    _dmul                                    0x00004711   Thumb Code   332  dmul.o(x$fpl$dmul)
    __fpl_dnaninf                            0x00004865   Thumb Code   156  dnaninf.o(x$fpl$dnaninf)
    __fpl_dretinf                            0x00004901   Thumb Code    12  dretinf.o(x$fpl$dretinf)
    __aeabi_cdrcmple                         0x0000490d   Thumb Code     0  drleqf.o(x$fpl$drleqf)
    _drcmple                                 0x0000490d   Thumb Code   108  drleqf.o(x$fpl$drleqf)
    _fp_init                                 0x00004979   Thumb Code    26  fpinit.o(x$fpl$fpinit)
    __fplib_config_fpu_vfp                   0x00004991   Thumb Code     0  fpinit.o(x$fpl$fpinit)
    __fplib_config_pureend_doubles           0x00004991   Thumb Code     0  fpinit.o(x$fpl$fpinit)
    __fpl_fretinf                            0x00004993   Thumb Code    10  fretinf.o(x$fpl$fretinf)
    __ieee_status                            0x0000499d   Thumb Code     6  istatus.o(x$fpl$ieeestatus)
    _printf_fp_dec                           0x000049a3   Thumb Code     4  printf1.o(x$fpl$printf1)
    _printf_fp_hex                           0x000049a7   Thumb Code     4  printf2.o(x$fpl$printf2)
    __fpl_return_NaN                         0x000049ab   Thumb Code   100  retnan.o(x$fpl$retnan)
    __ARM_scalbn                             0x00004a0f   Thumb Code    92  scalbn.o(x$fpl$scalbn)
    _scanf_real                              0x00004a6b   Thumb Code     4  scanf1.o(x$fpl$scanf1)
    _scanf_hex_real                          0x00004a6f   Thumb Code     4  scanf2.o(x$fpl$scanf2)
    _scanf_infnan                            0x00004a73   Thumb Code     4  scanf2.o(x$fpl$scanf2)
    __fpl_cmpreturn                          0x00004a77   Thumb Code    48  trapv.o(x$fpl$trapveneer)
    __I$use$fp                               0x00004aa6   Number         0  usenofp.o(x$fpl$usenofp)
    __stdin_name                             0x00004ae9   Data           4  sys_io_names.o(.constdata)
    __stdout_name                            0x00004aed   Data           4  sys_io_names.o(.constdata)
    __stderr_name                            0x00004af1   Data           4  sys_io_names.o(.constdata)
    Region$$Table$$Base                      0x00004c64   Number         0  anon$$obj.o(Region$$Table)
    Region$$Table$$Limit                     0x00004c84   Number         0  anon$$obj.o(Region$$Table)
    __aeabi_HUGE_VAL                         0x00004c84   Data           0  fpconst.o(c$$dinf)
    __aeabi_HUGE_VALL                        0x00004c84   Data           0  fpconst.o(c$$dinf)
    __aeabi_INFINITY                         0x00004c84   Data           0  fpconst.o(c$$dinf)
    __dInf                                   0x00004c84   Data           0  fpconst.o(c$$dinf)
    __huge_val                               0x00004c84   Data           0  fpconst.o(c$$dinf)
    __dbl_max                                0x00004c8c   Data           0  fpconst.o(c$$dmax)
    __ctype                                  0x00004cbd   Data           0  lc_ctype_c.o(locale$$data)
    __aeabi_stdin                            0x20000000   Data           4  stdio_streams.o(.data)
    __aeabi_stdout                           0x20000004   Data           4  stdio_streams.o(.data)
    __aeabi_stderr                           0x20000008   Data           4  stdio_streams.o(.data)
    __stdin                                  0x20000010   Data          84  stdio_streams.o(.bss)
    __stdout                                 0x20000064   Data          84  stdio_streams.o(.bss)
    __stderr                                 0x200000b8   Data          84  stdio_streams.o(.bss)
    __libspace_start                         0x2000010c   Data          96  libspace.o(.bss)
    __temporary_stack_top$libspace           0x2000016c   Data           0  libspace.o(.bss)



==============================================================================

Memory Map of the image

  Image Entry point : 0x0000026d

  Load Region LR_IROM1 (Base: 0x00000000, Size: 0x00004dd0, Max: 0x00040000, ABSOLUTE)

    Execution Region ER_IROM1 (Exec base: 0x00000000, Load base: 0x00000000, Size: 0x00004dc0, Max: 0x00040000, ABSOLUTE)

    Exec Addr    Load Addr    Size         Type   Attr      Idx    E Section Name        Object

    0x00000000   0x00000000   0x0000026c   Data   RO           13    RESET               startup_tm4c123.o
    0x0000026c   0x0000026c   0x00000008   Code   RO           50  * !!!main             c_w.l(__main.o)
    0x00000274   0x00000274   0x00000034   Code   RO          719    !!!scatter          c_w.l(__scatter.o)
    0x000002a8   0x000002a8   0x0000001a   Code   RO          721    !!handler_copy      c_w.l(__scatter_copy.o)
    0x000002c2   0x000002c2   0x00000002   PAD
    0x000002c4   0x000002c4   0x0000001c   Code   RO          723    !!handler_zi        c_w.l(__scatter_zi.o)
    0x000002e0   0x000002e0   0x00000000   Code   RO          132    .ARM.Collect$$_printf_percent$$00000000  c_w.l(_printf_percent.o)
    0x000002e0   0x000002e0   0x00000006   Code   RO          121    .ARM.Collect$$_printf_percent$$00000001  c_w.l(_printf_n.o)
    0x000002e6   0x000002e6   0x00000006   Code   RO          123    .ARM.Collect$$_printf_percent$$00000002  c_w.l(_printf_p.o)
    0x000002ec   0x000002ec   0x00000006   Code   RO          128    .ARM.Collect$$_printf_percent$$00000003  c_w.l(_printf_f.o)
    0x000002f2   0x000002f2   0x00000006   Code   RO          129    .ARM.Collect$$_printf_percent$$00000004  c_w.l(_printf_e.o)
    0x000002f8   0x000002f8   0x00000006   Code   RO          130    .ARM.Collect$$_printf_percent$$00000005  c_w.l(_printf_g.o)
    0x000002fe   0x000002fe   0x00000006   Code   RO          131    .ARM.Collect$$_printf_percent$$00000006  c_w.l(_printf_a.o)
    0x00000304   0x00000304   0x0000000a   Code   RO          136    .ARM.Collect$$_printf_percent$$00000007  c_w.l(_printf_ll.o)
    0x0000030e   0x0000030e   0x00000006   Code   RO          125    .ARM.Collect$$_printf_percent$$00000008  c_w.l(_printf_i.o)
    0x00000314   0x00000314   0x00000006   Code   RO          126    .ARM.Collect$$_printf_percent$$00000009  c_w.l(_printf_d.o)
    0x0000031a   0x0000031a   0x00000006   Code   RO          127    .ARM.Collect$$_printf_percent$$0000000A  c_w.l(_printf_u.o)
    0x00000320   0x00000320   0x00000006   Code   RO          124    .ARM.Collect$$_printf_percent$$0000000B  c_w.l(_printf_o.o)
    0x00000326   0x00000326   0x00000006   Code   RO          122    .ARM.Collect$$_printf_percent$$0000000C  c_w.l(_printf_x.o)
    0x0000032c   0x0000032c   0x00000006   Code   RO          133    .ARM.Collect$$_printf_percent$$0000000D  c_w.l(_printf_lli.o)
    0x00000332   0x00000332   0x00000006   Code   RO          134    .ARM.Collect$$_printf_percent$$0000000E  c_w.l(_printf_lld.o)
    0x00000338   0x00000338   0x00000006   Code   RO          135    .ARM.Collect$$_printf_percent$$0000000F  c_w.l(_printf_llu.o)
    0x0000033e   0x0000033e   0x00000006   Code   RO          140    .ARM.Collect$$_printf_percent$$00000010  c_w.l(_printf_llo.o)
    0x00000344   0x00000344   0x00000006   Code   RO          141    .ARM.Collect$$_printf_percent$$00000011  c_w.l(_printf_llx.o)
    0x0000034a   0x0000034a   0x0000000a   Code   RO          137    .ARM.Collect$$_printf_percent$$00000012  c_w.l(_printf_l.o)
    0x00000354   0x00000354   0x00000006   Code   RO          119    .ARM.Collect$$_printf_percent$$00000013  c_w.l(_printf_c.o)
    0x0000035a   0x0000035a   0x00000006   Code   RO          120    .ARM.Collect$$_printf_percent$$00000014  c_w.l(_printf_s.o)
    0x00000360   0x00000360   0x00000006   Code   RO          138    .ARM.Collect$$_printf_percent$$00000015  c_w.l(_printf_lc.o)
    0x00000366   0x00000366   0x00000006   Code   RO          139    .ARM.Collect$$_printf_percent$$00000016  c_w.l(_printf_ls.o)
    0x0000036c   0x0000036c   0x00000004   Code   RO          269    .ARM.Collect$$_printf_percent$$00000017  c_w.l(_printf_percent_end.o)
    0x00000370   0x00000370   0x00000002   Code   RO          507    .ARM.Collect$$libinit$$00000000  c_w.l(libinit.o)
    0x00000372   0x00000372   0x00000004   Code   RO          317    .ARM.Collect$$libinit$$00000001  c_w.l(libinit2.o)
    0x00000376   0x00000376   0x00000000   Code   RO          320    .ARM.Collect$$libinit$$00000004  c_w.l(libinit2.o)
    0x00000376   0x00000376   0x00000008   Code   RO          321    .ARM.Collect$$libinit$$00000005  c_w.l(libinit2.o)
    0x0000037e   0x0000037e   0x00000000   Code   RO          323    .ARM.Collect$$libinit$$0000000A  c_w.l(libinit2.o)
    0x0000037e   0x0000037e   0x00000000   Code   RO          325    .ARM.Collect$$libinit$$0000000C  c_w.l(libinit2.o)
    0x0000037e   0x0000037e   0x00000000   Code   RO          327    .ARM.Collect$$libinit$$0000000E  c_w.l(libinit2.o)
    0x0000037e   0x0000037e   0x00000006   Code   RO          328    .ARM.Collect$$libinit$$0000000F  c_w.l(libinit2.o)
    0x00000384   0x00000384   0x00000000   Code   RO          330    .ARM.Collect$$libinit$$00000011  c_w.l(libinit2.o)
    0x00000384   0x00000384   0x0000000c   Code   RO          331    .ARM.Collect$$libinit$$00000012  c_w.l(libinit2.o)
    0x00000390   0x00000390   0x00000000   Code   RO          332    .ARM.Collect$$libinit$$00000013  c_w.l(libinit2.o)
    0x00000390   0x00000390   0x00000000   Code   RO          334    .ARM.Collect$$libinit$$00000015  c_w.l(libinit2.o)
    0x00000390   0x00000390   0x0000000a   Code   RO          335    .ARM.Collect$$libinit$$00000016  c_w.l(libinit2.o)
    0x0000039a   0x0000039a   0x00000000   Code   RO          336    .ARM.Collect$$libinit$$00000017  c_w.l(libinit2.o)
    0x0000039a   0x0000039a   0x00000000   Code   RO          338    .ARM.Collect$$libinit$$00000019  c_w.l(libinit2.o)
    0x0000039a   0x0000039a   0x00000000   Code   RO          340    .ARM.Collect$$libinit$$0000001B  c_w.l(libinit2.o)
    0x0000039a   0x0000039a   0x00000000   Code   RO          342    .ARM.Collect$$libinit$$0000001D  c_w.l(libinit2.o)
    0x0000039a   0x0000039a   0x00000000   Code   RO          344    .ARM.Collect$$libinit$$0000001F  c_w.l(libinit2.o)
    0x0000039a   0x0000039a   0x00000000   Code   RO          346    .ARM.Collect$$libinit$$00000021  c_w.l(libinit2.o)
    0x0000039a   0x0000039a   0x00000000   Code   RO          348    .ARM.Collect$$libinit$$00000023  c_w.l(libinit2.o)
    0x0000039a   0x0000039a   0x00000004   Code   RO          349    .ARM.Collect$$libinit$$00000024  c_w.l(libinit2.o)
    0x0000039e   0x0000039e   0x00000000   Code   RO          350    .ARM.Collect$$libinit$$00000025  c_w.l(libinit2.o)
    0x0000039e   0x0000039e   0x00000000   Code   RO          354    .ARM.Collect$$libinit$$0000002C  c_w.l(libinit2.o)
    0x0000039e   0x0000039e   0x00000000   Code   RO          356    .ARM.Collect$$libinit$$0000002E  c_w.l(libinit2.o)
    0x0000039e   0x0000039e   0x00000000   Code   RO          358    .ARM.Collect$$libinit$$00000030  c_w.l(libinit2.o)
    0x0000039e   0x0000039e   0x00000000   Code   RO          360    .ARM.Collect$$libinit$$00000032  c_w.l(libinit2.o)
    0x0000039e   0x0000039e   0x00000002   Code   RO          361    .ARM.Collect$$libinit$$00000033  c_w.l(libinit2.o)
    0x000003a0   0x000003a0   0x00000002   Code   RO          682    .ARM.Collect$$libshutdown$$00000000  c_w.l(libshutdown.o)
    0x000003a2   0x000003a2   0x00000000   Code   RO          363    .ARM.Collect$$libshutdown$$00000002  c_w.l(libshutdown2.o)
    0x000003a2   0x000003a2   0x00000004   Code   RO          364    .ARM.Collect$$libshutdown$$00000003  c_w.l(libshutdown2.o)
    0x000003a6   0x000003a6   0x00000000   Code   RO          365    .ARM.Collect$$libshutdown$$00000004  c_w.l(libshutdown2.o)
    0x000003a6   0x000003a6   0x00000000   Code   RO          368    .ARM.Collect$$libshutdown$$00000007  c_w.l(libshutdown2.o)
    0x000003a6   0x000003a6   0x00000000   Code   RO          371    .ARM.Collect$$libshutdown$$0000000A  c_w.l(libshutdown2.o)
    0x000003a6   0x000003a6   0x00000000   Code   RO          373    .ARM.Collect$$libshutdown$$0000000C  c_w.l(libshutdown2.o)
    0x000003a6   0x000003a6   0x00000000   Code   RO          376    .ARM.Collect$$libshutdown$$0000000F  c_w.l(libshutdown2.o)
    0x000003a6   0x000003a6   0x00000002   Code   RO          377    .ARM.Collect$$libshutdown$$00000010  c_w.l(libshutdown2.o)
    0x000003a8   0x000003a8   0x00000000   Code   RO           52    .ARM.Collect$$rtentry$$00000000  c_w.l(__rtentry.o)
    0x000003a8   0x000003a8   0x00000000   Code   RO          182    .ARM.Collect$$rtentry$$00000002  c_w.l(__rtentry2.o)
    0x000003a8   0x000003a8   0x00000006   Code   RO          194    .ARM.Collect$$rtentry$$00000004  c_w.l(__rtentry4.o)
    0x000003ae   0x000003ae   0x00000000   Code   RO          184    .ARM.Collect$$rtentry$$00000009  c_w.l(__rtentry2.o)
    0x000003ae   0x000003ae   0x00000004   Code   RO          185    .ARM.Collect$$rtentry$$0000000A  c_w.l(__rtentry2.o)
    0x000003b2   0x000003b2   0x00000000   Code   RO          187    .ARM.Collect$$rtentry$$0000000C  c_w.l(__rtentry2.o)
    0x000003b2   0x000003b2   0x00000008   Code   RO          188    .ARM.Collect$$rtentry$$0000000D  c_w.l(__rtentry2.o)
    0x000003ba   0x000003ba   0x00000002   Code   RO          545    .ARM.Collect$$rtexit$$00000000  c_w.l(rtexit.o)
    0x000003bc   0x000003bc   0x00000000   Code   RO          624    .ARM.Collect$$rtexit$$00000002  c_w.l(rtexit2.o)
    0x000003bc   0x000003bc   0x00000004   Code   RO          625    .ARM.Collect$$rtexit$$00000003  c_w.l(rtexit2.o)
    0x000003c0   0x000003c0   0x00000006   Code   RO          626    .ARM.Collect$$rtexit$$00000004  c_w.l(rtexit2.o)
    0x000003c6   0x000003c6   0x00000002   PAD
    0x000003c8   0x000003c8   0x00000114   Code   RO           14    .text               startup_tm4c123.o
    0x000004dc   0x000004dc   0x00000018   Code   RO           36    .text               c_w.l(printf.o)
    0x000004f4   0x000004f4   0x00000020   Code   RO           38    .text               c_w.l(scanf.o)
    0x00000514   0x00000514   0x00000004   Code   RO           40    .text               c_w.l(getc.o)
    0x00000518   0x00000518   0x00000006   Code   RO           48    .text               c_w.l(heapauxi.o)
    0x0000051e   0x0000051e   0x0000004e   Code   RO           55    .text               c_w.l(_printf_pad.o)
    0x0000056c   0x0000056c   0x00000024   Code   RO           57    .text               c_w.l(_printf_truncate.o)
    0x00000590   0x00000590   0x00000052   Code   RO           59    .text               c_w.l(_printf_str.o)
    0x000005e2   0x000005e2   0x00000002   PAD
    0x000005e4   0x000005e4   0x00000078   Code   RO           61    .text               c_w.l(_printf_dec.o)
    0x0000065c   0x0000065c   0x00000028   Code   RO           63    .text               c_w.l(_printf_charcount.o)
    0x00000684   0x00000684   0x00000024   Code   RO           65    .text               c_w.l(_printf_char_file.o)
    0x000006a8   0x000006a8   0x000000bc   Code   RO           67    .text               c_w.l(_printf_wctomb.o)
    0x00000764   0x00000764   0x0000007c   Code   RO           70    .text               c_w.l(_printf_longlong_dec.o)
    0x000007e0   0x000007e0   0x00000070   Code   RO           76    .text               c_w.l(_printf_oct_int_ll.o)
    0x00000850   0x00000850   0x00000094   Code   RO           96    .text               c_w.l(_printf_hex_int_ll_ptr.o)
    0x000008e4   0x000008e4   0x00000188   Code   RO          116    .text               c_w.l(__printf_flags_ss_wp.o)
    0x00000a6c   0x00000a6c   0x00000156   Code   RO          142    .text               c_w.l(_scanf_longlong.o)
    0x00000bc2   0x00000bc2   0x0000014c   Code   RO          144    .text               c_w.l(_scanf_int.o)
    0x00000d0e   0x00000d0e   0x000000e0   Code   RO          146    .text               c_w.l(_scanf_str.o)
    0x00000dee   0x00000dee   0x00000002   PAD
    0x00000df0   0x00000df0   0x00000018   Code   RO          148    .text               c_w.l(scanf_char_file.o)
    0x00000e08   0x00000e08   0x00000114   Code   RO          150    .text               c_w.l(_scanf_mbtowc.o)
    0x00000f1c   0x00000f1c   0x000000e8   Code   RO          152    .text               c_w.l(_scanf_wctomb.o)
    0x00001004   0x00001004   0x000000d0   Code   RO          154    .text               c_w.l(_scanf_wstr.o)
    0x000010d4   0x000010d4   0x00000138   Code   RO          160    .text               c_w.l(initio.o)
    0x0000120c   0x0000120c   0x0000004e   Code   RO          198    .text               c_w.l(h1_free.o)
    0x0000125a   0x0000125a   0x0000008a   Code   RO          252    .text               c_w.l(lludiv10.o)
    0x000012e4   0x000012e4   0x000000b2   Code   RO          254    .text               c_w.l(_printf_intcommon.o)
    0x00001396   0x00001396   0x0000041c   Code   RO          256    .text               c_w.l(_printf_fp_dec.o)
    0x000017b2   0x000017b2   0x00000002   PAD
    0x000017b4   0x000017b4   0x000002fc   Code   RO          260    .text               c_w.l(_printf_fp_hex.o)
    0x00001ab0   0x00001ab0   0x00000030   Code   RO          263    .text               c_w.l(_printf_char_common.o)
    0x00001ae0   0x00001ae0   0x0000002c   Code   RO          265    .text               c_w.l(_printf_char.o)
    0x00001b0c   0x00001b0c   0x0000002c   Code   RO          267    .text               c_w.l(_printf_wchar.o)
    0x00001b38   0x00001b38   0x0000001c   Code   RO          270    .text               c_w.l(_chval.o)
    0x00001b54   0x00001b54   0x000004f8   Code   RO          272    .text               c_w.l(scanf_fp.o)
    0x0000204c   0x0000204c   0x0000002c   Code   RO          276    .text               c_w.l(scanf_char.o)
    0x00002078   0x00002078   0x0000001e   Code   RO          278    .text               c_w.l(_scanf_wcharmap.o)
    0x00002096   0x00002096   0x00000048   Code   RO          280    .text               c_w.l(backspace.o)
    0x000020de   0x000020de   0x00000008   Code   RO          282    .text               c_w.l(ferror.o)
    0x000020e6   0x000020e6   0x0000023a   Code   RO          284    .text               c_w.l(filbuf.o)
    0x00002320   0x00002320   0x00000046   Code   RO          290    .text               c_w.l(setvbuf.o)
    0x00002366   0x00002366   0x00000002   PAD
    0x00002368   0x00002368   0x000000f0   Code   RO          293    .text               c_w.l(fopen.o)
    0x00002458   0x00002458   0x0000004c   Code   RO          295    .text               c_w.l(fclose.o)
    0x000024a4   0x000024a4   0x00000040   Code   RO          307    .text               c_w.l(_mbrtoc16.o)
    0x000024e4   0x000024e4   0x00000048   Code   RO          309    .text               c_w.l(_c16rtomb.o)
    0x0000252c   0x0000252c   0x0000000e   Code   RO          311    .text               c_w.l(defsig_rtred_outer.o)
    0x0000253a   0x0000253a   0x0000004e   Code   RO          315    .text               c_w.l(rt_memclr_w.o)
    0x00002588   0x00002588   0x00000066   Code   RO          380    .text               c_w.l(sys_io.o)
    0x000025ee   0x000025ee   0x0000004a   Code   RO          384    .text               c_w.l(sys_stackheap_outer.o)
    0x00002638   0x00002638   0x00000010   Code   RO          386    .text               c_w.l(rt_ctype_table.o)
    0x00002648   0x00002648   0x00000008   Code   RO          393    .text               c_w.l(rt_heap_descriptor_intlibspace.o)
    0x00002650   0x00002650   0x00000008   Code   RO          398    .text               c_w.l(rt_locale_intlibspace.o)
    0x00002658   0x00002658   0x00000008   Code   RO          403    .text               c_w.l(rt_errno_addr_intlibspace.o)
    0x00002660   0x00002660   0x00000004   Code   RO          405    .text               c_w.l(hguard.o)
    0x00002664   0x00002664   0x0000008a   Code   RO          407    .text               c_w.l(init_alloc.o)
    0x000026ee   0x000026ee   0x0000005e   Code   RO          413    .text               c_w.l(h1_alloc.o)
    0x0000274c   0x0000274c   0x00000026   Code   RO          425    .text               c_w.l(llshl.o)
    0x00002772   0x00002772   0x00000012   Code   RO          427    .text               c_w.l(isspace.o)
    0x00002784   0x00002784   0x00000080   Code   RO          429    .text               c_w.l(_printf_fp_infnan.o)
    0x00002804   0x00002804   0x00000374   Code   RO          433    .text               c_w.l(_scanf.o)
    0x00002b78   0x00002b78   0x000000e4   Code   RO          437    .text               c_w.l(bigflt0.o)
    0x00002c5c   0x00002c5c   0x000001d6   Code   RO          467    .text               c_w.l(flsbuf.o)
    0x00002e32   0x00002e32   0x00000002   PAD
    0x00002e34   0x00002e34   0x000000f8   Code   RO          469    .text               c_w.l(fseek.o)
    0x00002f2c   0x00002f2c   0x000000f0   Code   RO          471    .text               c_w.l(stdio.o)
    0x0000301c   0x0000301c   0x00000048   Code   RO          473    .text               c_w.l(ungetc.o)
    0x00003064   0x00003064   0x00000038   Code   RO          479    .text               c_w.l(flushlinebuffered.o)
    0x0000309c   0x0000309c   0x00000012   Code   RO          490    .text               c_w.l(exit.o)
    0x000030ae   0x000030ae   0x0000000a   Code   RO          492    .text               c_w.l(defsig_exit.o)
    0x000030b8   0x000030b8   0x00000034   Code   RO          494    .text               c_w.l(defsig_rtred_inner.o)
    0x000030ec   0x000030ec   0x0000003e   Code   RO          496    .text               c_w.l(strlen.o)
    0x0000312a   0x0000312a   0x00000002   PAD
    0x0000312c   0x0000312c   0x0000000c   Code   RO          535    .text               c_w.l(sys_exit.o)
    0x00003138   0x00003138   0x00000008   Code   RO          539    .text               c_w.l(libspace.o)
    0x00003140   0x00003140   0x00000002   Code   RO          542    .text               c_w.l(use_no_semi.o)
    0x00003142   0x00003142   0x00000000   Code   RO          544    .text               c_w.l(indicate_semi.o)
    0x00003142   0x00003142   0x00000000   Code   RO          547    .text               c_w.l(maybetermalloc1.o)
    0x00003142   0x00003142   0x0000000e   Code   RO          549    .text               c_w.l(h1_init.o)
    0x00003150   0x00003150   0x00000034   Code   RO          551    .text               c_w.l(h1_extend.o)
    0x00003184   0x00003184   0x00000016   Code   RO          557    .text               c_w.l(_rserrno.o)
    0x0000319a   0x0000319a   0x00000002   PAD
    0x0000319c   0x0000319c   0x00000320   Code   RO          561    .text               c_w.l(scanf_hexfp.o)
    0x000034bc   0x000034bc   0x00000134   Code   RO          563    .text               c_w.l(scanf_infnan.o)
    0x000035f0   0x000035f0   0x00000064   Code   RO          567    .text               c_w.l(fflush.o)
    0x00003654   0x00003654   0x00000042   Code   RO          569    .text               c_w.l(ftell.o)
    0x00003696   0x00003696   0x00000032   Code   RO          582    .text               c_w.l(defsig_general.o)
    0x000036c8   0x000036c8   0x0000000e   Code   RO          584    .text               c_w.l(defsig_rtmem_outer.o)
    0x000036d6   0x000036d6   0x00000002   PAD
    0x000036d8   0x000036d8   0x0000007c   Code   RO          592    .text               c_w.l(strcmpv7em.o)
    0x00003754   0x00003754   0x0000000e   Code   RO          615    .text               c_w.l(sys_wrch.o)
    0x00003762   0x00003762   0x00000002   PAD
    0x00003764   0x00003764   0x00000050   Code   RO          640    .text               c_w.l(defsig_rtmem_inner.o)
    0x000037b4   0x000037b4   0x0000010c   Code   RO           25    .text.SystemInit    system_tm4c123.o
    0x000038c0   0x000038c0   0x000000e6   Code   RO            2    .text.main          main.o
    0x000039a6   0x000039a6   0x0000003e   Code   RO          440    CL$$btod_d2e        c_w.l(btod.o)
    0x000039e4   0x000039e4   0x00000046   Code   RO          442    CL$$btod_d2e_denorm_low  c_w.l(btod.o)
    0x00003a2a   0x00003a2a   0x00000060   Code   RO          441    CL$$btod_d2e_norm_op1  c_w.l(btod.o)
    0x00003a8a   0x00003a8a   0x00000002   PAD
    0x00003a8c   0x00003a8c   0x00000338   Code   RO          450    CL$$btod_div_common  c_w.l(btod.o)
    0x00003dc4   0x00003dc4   0x00000084   Code   RO          448    CL$$btod_e2d        c_w.l(btod.o)
    0x00003e48   0x00003e48   0x000000dc   Code   RO          447    CL$$btod_e2e        c_w.l(btod.o)
    0x00003f24   0x00003f24   0x0000002a   Code   RO          444    CL$$btod_ediv       c_w.l(btod.o)
    0x00003f4e   0x00003f4e   0x0000002a   Code   RO          446    CL$$btod_edivd      c_w.l(btod.o)
    0x00003f78   0x00003f78   0x0000002a   Code   RO          443    CL$$btod_emul       c_w.l(btod.o)
    0x00003fa2   0x00003fa2   0x0000002a   Code   RO          445    CL$$btod_emuld      c_w.l(btod.o)
    0x00003fcc   0x00003fcc   0x00000244   Code   RO          449    CL$$btod_mult_common  c_w.l(btod.o)
    0x00004210   0x00004210   0x00000030   Code   RO          525    i.__ARM_fpclassify  m_wm.l(fpclassify.o)
    0x00004240   0x00004240   0x000000f8   Code   RO          527    i.__hardfp___mathlib_tofloat  m_wm.l(narrow.o)
    0x00004338   0x00004338   0x000000d0   Code   RO          654    i.__hardfp_ldexp    m_wm.l(ldexp.o)
    0x00004408   0x00004408   0x00000020   Code   RO          691    i.__mathlib_dbl_overflow  m_wm.l(dunder.o)
    0x00004428   0x00004428   0x00000020   Code   RO          693    i.__mathlib_dbl_underflow  m_wm.l(dunder.o)
    0x00004448   0x00004448   0x00000012   Code   RO          528    i.__mathlib_narrow  m_wm.l(narrow.o)
    0x0000445a   0x0000445a   0x00000014   Code   RO          656    i.__support_ldexp   m_wm.l(ldexp.o)
    0x0000446e   0x0000446e   0x0000000e   Code   RO          109    i._is_digit         c_w.l(__printf_wp.o)
    0x0000447c   0x0000447c   0x00000018   Code   RO          157    i.fgetc             c_w.l(fgetc.o)
    0x00004494   0x00004494   0x0000001a   Code   RO          287    i.fputc             c_w.l(fputc.o)
    0x000044ae   0x000044ae   0x00000002   PAD
    0x000044b0   0x000044b0   0x0000008c   Code   RO          611    i.frexp             m_wm.l(frexp.o)
    0x0000453c   0x0000453c   0x0000002c   Code   RO          488    locale$$code        c_w.l(lc_numeric_c.o)
    0x00004568   0x00004568   0x0000002c   Code   RO          578    locale$$code        c_w.l(lc_ctype_c.o)
    0x00004594   0x00004594   0x00000062   Code   RO          603    x$fpl$d2f           fz_wm.l(d2f.o)
    0x000045f6   0x000045f6   0x00000002   PAD
    0x000045f8   0x000045f8   0x00000010   Code   RO          707    x$fpl$dcheck1       fz_wm.l(dcheck1.o)
    0x00004608   0x00004608   0x00000018   Code   RO          644    x$fpl$dcmpinf       fz_wm.l(dcmpi.o)
    0x00004620   0x00004620   0x00000078   Code   RO          605    x$fpl$deqf          fz_wm.l(deqf.o)
    0x00004698   0x00004698   0x00000078   Code   RO          646    x$fpl$dleqf         fz_wm.l(dleqf.o)
    0x00004710   0x00004710   0x00000154   Code   RO          648    x$fpl$dmul          fz_wm.l(dmul.o)
    0x00004864   0x00004864   0x0000009c   Code   RO          650    x$fpl$dnaninf       fz_wm.l(dnaninf.o)
    0x00004900   0x00004900   0x0000000c   Code   RO          683    x$fpl$dretinf       fz_wm.l(dretinf.o)
    0x0000490c   0x0000490c   0x0000006c   Code   RO          607    x$fpl$drleqf        fz_wm.l(drleqf.o)
    0x00004978   0x00004978   0x0000001a   Code   RO          514    x$fpl$fpinit        fz_wm.l(fpinit.o)
    0x00004992   0x00004992   0x0000000a   Code   RO          652    x$fpl$fretinf       fz_wm.l(fretinf.o)
    0x0000499c   0x0000499c   0x00000006   Code   RO          516    x$fpl$ieeestatus    fz_wm.l(istatus.o)
    0x000049a2   0x000049a2   0x00000004   Code   RO          166    x$fpl$printf1       fz_wm.l(printf1.o)
    0x000049a6   0x000049a6   0x00000004   Code   RO          168    x$fpl$printf2       fz_wm.l(printf2.o)
    0x000049aa   0x000049aa   0x00000064   Code   RO          713    x$fpl$retnan        fz_wm.l(retnan.o)
    0x00004a0e   0x00004a0e   0x0000005c   Code   RO          685    x$fpl$scalbn        fz_wm.l(scalbn.o)
    0x00004a6a   0x00004a6a   0x00000004   Code   RO          174    x$fpl$scanf1        fz_wm.l(scanf1.o)
    0x00004a6e   0x00004a6e   0x00000008   Code   RO          518    x$fpl$scanf2        fz_wm.l(scanf2.o)
    0x00004a76   0x00004a76   0x00000030   Code   RO          715    x$fpl$trapveneer    fz_wm.l(trapv.o)
    0x00004aa6   0x00004aa6   0x00000000   Code   RO          524    x$fpl$usenofp       fz_wm.l(usenofp.o)
    0x00004aa6   0x00004aa6   0x00000002   PAD
    0x00004aa8   0x00004aa8   0x00000008   Data   RO           68    .constdata          c_w.l(_printf_wctomb.o)
    0x00004ab0   0x00004ab0   0x00000028   Data   RO           97    .constdata          c_w.l(_printf_hex_int_ll_ptr.o)
    0x00004ad8   0x00004ad8   0x00000011   Data   RO          117    .constdata          c_w.l(__printf_flags_ss_wp.o)
    0x00004ae9   0x00004ae9   0x00000004   Data   RO          176    .constdata          c_w.l(sys_io_names.o)
    0x00004aed   0x00004aed   0x00000004   Data   RO          177    .constdata          c_w.l(sys_io_names.o)
    0x00004af1   0x00004af1   0x00000004   Data   RO          178    .constdata          c_w.l(sys_io_names.o)
    0x00004af5   0x00004af5   0x00000026   Data   RO          261    .constdata          c_w.l(_printf_fp_hex.o)
    0x00004b1b   0x00004b1b   0x00000001   PAD
    0x00004b1c   0x00004b1c   0x00000094   Data   RO          438    .constdata          c_w.l(bigflt0.o)
    0x00004bb0   0x00004bb0   0x000000b1   Data   RO            4    .rodata.str1.1      main.o
    0x00004c61   0x00004c61   0x00000003   PAD
    0x00004c64   0x00004c64   0x00000020   Data   RO          718    Region$$Table       anon$$obj.o
    0x00004c84   0x00004c84   0x00000008   Data   RO          510    c$$dinf             fz_wm.l(fpconst.o)
    0x00004c8c   0x00004c8c   0x00000008   Data   RO          513    c$$dmax             fz_wm.l(fpconst.o)
    0x00004c94   0x00004c94   0x0000001c   Data   RO          487    locale$$data        c_w.l(lc_numeric_c.o)
    0x00004cb0   0x00004cb0   0x00000110   Data   RO          577    locale$$data        c_w.l(lc_ctype_c.o)


    Execution Region RW_IRAM1 (Exec base: 0x20000000, Load base: 0x00004dc0, Size: 0x00000370, Max: 0x00008000, ABSOLUTE)

    Exec Addr    Load Addr    Size         Type   Attr      Idx    E Section Name        Object

    0x20000000   0x00004dc0   0x00000004   Data   RW           45    .data               c_w.l(stdio_streams.o)
    0x20000004   0x00004dc4   0x00000004   Data   RW           46    .data               c_w.l(stdio_streams.o)
    0x20000008   0x00004dc8   0x00000004   Data   RW           47    .data               c_w.l(stdio_streams.o)
    0x2000000c   0x00004dcc   0x00000004   PAD
    0x20000010        -       0x00000054   Zero   RW           42    .bss                c_w.l(stdio_streams.o)
    0x20000064        -       0x00000054   Zero   RW           43    .bss                c_w.l(stdio_streams.o)
    0x200000b8        -       0x00000054   Zero   RW           44    .bss                c_w.l(stdio_streams.o)
    0x2000010c        -       0x00000060   Zero   RW          540    .bss                c_w.l(libspace.o)
    0x2000016c   0x00004dcc   0x00000004   PAD
    0x20000170        -       0x00000000   Zero   RW           12    HEAP                startup_tm4c123.o
    0x20000170        -       0x00000200   Zero   RW           11    STACK               startup_tm4c123.o


==============================================================================

Image component sizes


      Code (inc. data)   RO Data    RW Data    ZI Data      Debug   Object Name

       230          0        177          0          0        885   main.o
       276         24        620          0        512       5476   startup_tm4c123.o
       268          0          0          0          0       6789   system_tm4c123.o

    ----------------------------------------------------------------------
       774         24        832          0        512      13150   Object Totals
         0          0         32          0          0          0   (incl. Generated)
         0          0          3          0          0          0   (incl. Padding)

    ----------------------------------------------------------------------

      Code (inc. data)   RO Data    RW Data    ZI Data      Debug   Library Member Name

         8          0          0          0          0         68   __main.o
       392          4         17          0          0         92   __printf_flags_ss_wp.o
        14          0          0          0          0         68   __printf_wp.o
         0          0          0          0          0          0   __rtentry.o
        12          0          0          0          0          0   __rtentry2.o
         6          0          0          0          0          0   __rtentry4.o
        52          8          0          0          0          0   __scatter.o
        26          0          0          0          0          0   __scatter_copy.o
        28          0          0          0          0          0   __scatter_zi.o
        72          0          0          0          0         96   _c16rtomb.o
        28          0          0          0          0         68   _chval.o
        64          0          0          0          0         84   _mbrtoc16.o
         6          0          0          0          0          0   _printf_a.o
         6          0          0          0          0          0   _printf_c.o
        44          0          0          0          0        108   _printf_char.o
        48          6          0          0          0         96   _printf_char_common.o
        36          4          0          0          0         80   _printf_char_file.o
        40          0          0          0          0         68   _printf_charcount.o
         6          0          0          0          0          0   _printf_d.o
       120         16          0          0          0         92   _printf_dec.o
         6          0          0          0          0          0   _printf_e.o
         6          0          0          0          0          0   _printf_f.o
      1052          0          0          0          0        148   _printf_fp_dec.o
       764          8         38          0          0        100   _printf_fp_hex.o
       128         16          0          0          0         84   _printf_fp_infnan.o
         6          0          0          0          0          0   _printf_g.o
       148          4         40          0          0        160   _printf_hex_int_ll_ptr.o
         6          0          0          0          0          0   _printf_i.o
       178          0          0          0          0         88   _printf_intcommon.o
        10          0          0          0          0          0   _printf_l.o
         6          0          0          0          0          0   _printf_lc.o
        10          0          0          0          0          0   _printf_ll.o
         6          0          0          0          0          0   _printf_lld.o
         6          0          0          0          0          0   _printf_lli.o
         6          0          0          0          0          0   _printf_llo.o
         6          0          0          0          0          0   _printf_llu.o
         6          0          0          0          0          0   _printf_llx.o
       124         16          0          0          0         92   _printf_longlong_dec.o
         6          0          0          0          0          0   _printf_ls.o
         6          0          0          0          0          0   _printf_n.o
         6          0          0          0          0          0   _printf_o.o
       112          8          0          0          0        124   _printf_oct_int_ll.o
         6          0          0          0          0          0   _printf_p.o
        78          0          0          0          0        108   _printf_pad.o
         0          0          0          0          0          0   _printf_percent.o
         4          0          0          0          0          0   _printf_percent_end.o
         6          0          0          0          0          0   _printf_s.o
        82          0          0          0          0         80   _printf_str.o
        36          0          0          0          0         84   _printf_truncate.o
         6          0          0          0          0          0   _printf_u.o
        44          0          0          0          0        108   _printf_wchar.o
       188          6          8          0          0         92   _printf_wctomb.o
         6          0          0          0          0          0   _printf_x.o
        22          0          0          0          0        100   _rserrno.o
       884          6          0          0          0        100   _scanf.o
       332          0          0          0          0         96   _scanf_int.o
       342          0          0          0          0        100   _scanf_longlong.o
       276          0          0          0          0        100   _scanf_mbtowc.o
       224          0          0          0          0         96   _scanf_str.o
        30          0          0          0          0         76   _scanf_wcharmap.o
       232          0          0          0          0        100   _scanf_wctomb.o
       208          0          0          0          0         96   _scanf_wstr.o
        72          0          0          0          0         92   backspace.o
       228          4        148          0          0         96   bigflt0.o
      2152        136          0          0          0        956   btod.o
        10          0          0          0          0         68   defsig_exit.o
        50          0          0          0          0         88   defsig_general.o
        80         58          0          0          0         76   defsig_rtmem_inner.o
        14          0          0          0          0         80   defsig_rtmem_outer.o
        52         38          0          0          0         76   defsig_rtred_inner.o
        14          0          0          0          0         80   defsig_rtred_outer.o
        18          0          0          0          0         80   exit.o
        76          0          0          0          0         88   fclose.o
         8          0          0          0          0         68   ferror.o
       100          4          0          0          0        120   fflush.o
        24          0          0          0          0         68   fgetc.o
       570          0          0          0          0        132   filbuf.o
       470          0          0          0          0         88   flsbuf.o
        56          6          0          0          0         80   flushlinebuffered.o
       240          6          0          0          0        128   fopen.o
        26          0          0          0          0         68   fputc.o
       248          6          0          0          0         84   fseek.o
        66          0          0          0          0         76   ftell.o
         4          0          0          0          0         68   getc.o
        94          0          0          0          0         80   h1_alloc.o
        52          0          0          0          0         68   h1_extend.o
        78          0          0          0          0         80   h1_free.o
        14          0          0          0          0         84   h1_init.o
         6          0          0          0          0        152   heapauxi.o
         4          0          0          0          0        136   hguard.o
         0          0          0          0          0          0   indicate_semi.o
       138          0          0          0          0        168   init_alloc.o
       312         46          0          0          0        112   initio.o
        18          0          0          0          0         76   isspace.o
        44         10        272          0          0         76   lc_ctype_c.o
        44         10         28          0          0         76   lc_numeric_c.o
         2          0          0          0          0          0   libinit.o
        46          0          0          0          0          0   libinit2.o
         2          0          0          0          0          0   libshutdown.o
         6          0          0          0          0          0   libshutdown2.o
         8          4          0          0         96         68   libspace.o
        38          0          0          0          0         68   llshl.o
       138          0          0          0          0         80   lludiv10.o
         0          0          0          0          0          0   maybetermalloc1.o
        24          4          0          0          0         84   printf.o
        16          4          0          0          0         76   rt_ctype_table.o
         8          4          0          0          0         68   rt_errno_addr_intlibspace.o
         8          4          0          0          0         68   rt_heap_descriptor_intlibspace.o
         8          4          0          0          0         68   rt_locale_intlibspace.o
        78          0          0          0          0         80   rt_memclr_w.o
         2          0          0          0          0          0   rtexit.o
        10          0          0          0          0          0   rtexit2.o
        32          6          0          0          0         84   scanf.o
        44          8          0          0          0         84   scanf_char.o
        24          8          0          0          0         68   scanf_char_file.o
      1272         16          0          0          0        168   scanf_fp.o
       800         14          0          0          0        100   scanf_hexfp.o
       308         16          0          0          0        100   scanf_infnan.o
        70          0          0          0          0         80   setvbuf.o
       240          6          0          0          0        156   stdio.o
         0          0          0         12        252          0   stdio_streams.o
       124          0          0          0          0         88   strcmpv7em.o
        62          0          0          0          0         76   strlen.o
        12          4          0          0          0         68   sys_exit.o
       102          0          0          0          0        240   sys_io.o
         0          0         12          0          0          0   sys_io_names.o
        74          0          0          0          0         80   sys_stackheap_outer.o
        14          0          0          0          0         76   sys_wrch.o
        72         12          0          0          0         68   ungetc.o
         2          0          0          0          0         68   use_no_semi.o
        98          4          0          0          0        140   d2f.o
        16          4          0          0          0        116   dcheck1.o
        24          0          0          0          0        116   dcmpi.o
       120          4          0          0          0        140   deqf.o
       120          4          0          0          0        140   dleqf.o
       340         12          0          0          0        152   dmul.o
       156          4          0          0          0        140   dnaninf.o
        12          0          0          0          0        116   dretinf.o
       108          0          0          0          0        128   drleqf.o
         0          0         16          0          0          0   fpconst.o
        26          0          0          0          0        116   fpinit.o
        10          0          0          0          0        116   fretinf.o
         6          0          0          0          0        116   istatus.o
         4          0          0          0          0        116   printf1.o
         4          0          0          0          0        116   printf2.o
       100          0          0          0          0        116   retnan.o
        92          0          0          0          0        116   scalbn.o
         4          0          0          0          0        116   scanf1.o
         8          0          0          0          0        132   scanf2.o
        48          0          0          0          0        116   trapv.o
         0          0          0          0          0          0   usenofp.o
        64         16          0          0          0        248   dunder.o
        48          0          0          0          0        124   fpclassify.o
       140         22          0          0          0        132   frexp.o
       228          8          0          0          0        308   ldexp.o
       266         16          0          0          0        308   narrow.o

    ----------------------------------------------------------------------
     17718        634        580         12        356      12668   Library Totals
        30          0          1          0          8          0   (incl. Padding)

    ----------------------------------------------------------------------

      Code (inc. data)   RO Data    RW Data    ZI Data      Debug   Library Name

     15646        540        563         12        348       9184   c_w.l
      1296         32         16          0          0       2364   fz_wm.l
       746         62          0          0          0       1120   m_wm.l

    ----------------------------------------------------------------------
     17718        634        580         12        356      12668   Library Totals

    ----------------------------------------------------------------------

==============================================================================


      Code (inc. data)   RO Data    RW Data    ZI Data      Debug   

     18492        658       1412         12        868      18258   Grand Totals
     18492        658       1412         12        868      18258   ELF Image Totals
     18492        658       1412         12          0          0   ROM Totals

==============================================================================

    Total RO  Size (Code + RO Data)                19904 (  19.44kB)
    Total RW  Size (RW Data + ZI Data)               880 (   0.86kB)
    Total ROM Size (Code + RO Data + RW Data)      19916 (  19.45kB)

==============================================================================

