17:45:06 **** Incremental Build of configuration Debug for project BitExtract ****
make -j8 all 
arm-none-eabi-gcc "../Src/main.c" -mcpu=cortex-m4 -std=gnu11 -g3 -DDEBUG -DSTM32 -DSTM32F4 -DSTM32F446RETx -DNUCLEO_F446RE -c -I../Inc -O0 -ffunction-sections -fdata-sections -Wall -fstack-usage -MMD -MP -MF"Src/main.d" -MT"Src/main.o" --specs=nano.specs -mfloat-abi=soft -mthumb -o "Src/main.o"
arm-none-eabi-gcc -o "BitExtract.elf" @"objects.list"   -mcpu=cortex-m4 -T"C:\GitRepo\Embedded-System\absolute_C\stm_workspace\BitExtract\STM32F446RETX_FLASH.ld" --specs=nosys.specs -Wl,-Map="BitExtract.map" -Wl,--gc-sections -static --specs=nano.specs -mfloat-abi=soft -mthumb -Wl,--start-group -lc -lm -Wl,--end-group
Finished building target: BitExtract.elf
 
arm-none-eabi-size   BitExtract.elf 
arm-none-eabi-objdump -h -S  BitExtract.elf  > "BitExtract.list"
   text	   data	    bss	    dec	    hex	filename
   5684	    108	   1588	   7380	   1cd4	BitExtract.elf
Finished building: default.size.stdout
 
Finished building: BitExtract.list
 

17:45:06 Build Finished. 0 errors, 0 warnings. (took 492ms)

