11:01:39 **** Incremental Build of configuration Debug for project unionBitExract ****
make -j8 all 
arm-none-eabi-gcc "../Src/main.c" -mcpu=cortex-m4 -std=gnu11 -g3 -DDEBUG -DSTM32 -DSTM32F4 -DSTM32F446RETx -DNUCLEO_F446RE -c -I../Inc -O0 -ffunction-sections -fdata-sections -Wall -fstack-usage -MMD -MP -MF"Src/main.d" -MT"Src/main.o" --specs=nano.specs -mfloat-abi=soft -mthumb -o "Src/main.o"
arm-none-eabi-gcc -o "unionBitExract.elf" @"objects.list"   -mcpu=cortex-m4 -T"C:\GitRepo\Embedded-System\absolute_C\stm_workspace\unionBitExract\STM32F446RETX_FLASH.ld" --specs=nosys.specs -Wl,-Map="unionBitExract.map" -Wl,--gc-sections -static --specs=nano.specs -mfloat-abi=soft -mthumb -Wl,--start-group -lc -lm -Wl,--end-group
Finished building target: unionBitExract.elf
 
arm-none-eabi-size   unionBitExract.elf 
arm-none-eabi-objdump -h -S  unionBitExract.elf  > "unionBitExract.list"
   text	   data	    bss	    dec	    hex	filename
   6288	    108	   1588	   7984	   1f30	unionBitExract.elf
Finished building: default.size.stdout
 
Finished building: unionBitExract.list
 

11:01:40 Build Finished. 0 errors, 0 warnings. (took 571ms)

